Component: ARM Compiler 5.06 update 6 (build 750) Tool: armlink [4d35ed]

==============================================================================

Section Cross References

    startup_stm32f405xx.o(STACK) refers (Special) to heapauxi.o(.text) for __use_two_region_memory
    startup_stm32f405xx.o(HEAP) refers (Special) to heapauxi.o(.text) for __use_two_region_memory
    startup_stm32f405xx.o(RESET) refers (Special) to heapauxi.o(.text) for __use_two_region_memory
    startup_stm32f405xx.o(RESET) refers to startup_stm32f405xx.o(STACK) for __initial_sp
    startup_stm32f405xx.o(RESET) refers to startup_stm32f405xx.o(.text) for Reset_Handler
    startup_stm32f405xx.o(RESET) refers to stm32f4xx_it.o(i.NMI_Handler) for NMI_Handler
    startup_stm32f405xx.o(RESET) refers to stm32f4xx_it.o(i.HardFault_Handler) for HardFault_Handler
    startup_stm32f405xx.o(RESET) refers to stm32f4xx_it.o(i.MemManage_Handler) for MemManage_Handler
    startup_stm32f405xx.o(RESET) refers to stm32f4xx_it.o(i.BusFault_Handler) for BusFault_Handler
    startup_stm32f405xx.o(RESET) refers to stm32f4xx_it.o(i.UsageFault_Handler) for UsageFault_Handler
    startup_stm32f405xx.o(RESET) refers to stm32f4xx_it.o(i.SVC_Handler) for SVC_Handler
    startup_stm32f405xx.o(RESET) refers to stm32f4xx_it.o(i.DebugMon_Handler) for DebugMon_Handler
    startup_stm32f405xx.o(RESET) refers to stm32f4xx_it.o(i.PendSV_Handler) for PendSV_Handler
    startup_stm32f405xx.o(RESET) refers to stm32f4xx_it.o(i.SysTick_Handler) for SysTick_Handler
    startup_stm32f405xx.o(RESET) refers to stm32f4xx_it.o(i.ADC_IRQHandler) for ADC_IRQHandler
    startup_stm32f405xx.o(RESET) refers to stm32f4xx_it.o(i.TIM2_IRQHandler) for TIM2_IRQHandler
    startup_stm32f405xx.o(RESET) refers to stm32f4xx_it.o(i.TIM4_IRQHandler) for TIM4_IRQHandler
    startup_stm32f405xx.o(RESET) refers to stm32f4xx_it.o(i.DMA2_Stream0_IRQHandler) for DMA2_Stream0_IRQHandler
    startup_stm32f405xx.o(.text) refers (Special) to heapauxi.o(.text) for __use_two_region_memory
    startup_stm32f405xx.o(.text) refers to system_stm32f4xx.o(i.SystemInit) for SystemInit
    startup_stm32f405xx.o(.text) refers to __main.o(!!!main) for __main
    startup_stm32f405xx.o(.text) refers to startup_stm32f405xx.o(HEAP) for Heap_Mem
    startup_stm32f405xx.o(.text) refers to startup_stm32f405xx.o(STACK) for Stack_Mem
    main.o(i.SystemClock_Config) refers to rt_memclr_w.o(.text) for __aeabi_memclr4
    main.o(i.SystemClock_Config) refers to stm32f4xx_hal_rcc.o(i.HAL_RCC_OscConfig) for HAL_RCC_OscConfig
    main.o(i.SystemClock_Config) refers to main.o(i.Error_Handler) for Error_Handler
    main.o(i.SystemClock_Config) refers to stm32f4xx_hal_rcc.o(i.HAL_RCC_ClockConfig) for HAL_RCC_ClockConfig
    main.o(i.main) refers to _printf_percent.o(.ARM.Collect$$_printf_percent$$00000000) for _printf_percent
    main.o(i.main) refers to _printf_f.o(.ARM.Collect$$_printf_percent$$00000003) for _printf_f
    main.o(i.main) refers to printf1.o(x$fpl$printf1) for _printf_fp_dec
    main.o(i.main) refers to stm32f4xx_hal.o(i.HAL_Init) for HAL_Init
    main.o(i.main) refers to main.o(i.SystemClock_Config) for SystemClock_Config
    main.o(i.main) refers to gpio.o(i.MX_GPIO_Init) for MX_GPIO_Init
    main.o(i.main) refers to dma.o(i.MX_DMA_Init) for MX_DMA_Init
    main.o(i.main) refers to tim.o(i.MX_TIM1_Init) for MX_TIM1_Init
    main.o(i.main) refers to adc.o(i.MX_ADC1_Init) for MX_ADC1_Init
    main.o(i.main) refers to usart.o(i.MX_USART1_UART_Init) for MX_USART1_UART_Init
    main.o(i.main) refers to tim.o(i.MX_TIM4_Init) for MX_TIM4_Init
    main.o(i.main) refers to tim.o(i.MX_TIM2_Init) for MX_TIM2_Init
    main.o(i.main) refers to dac.o(i.MX_DAC_Init) for MX_DAC_Init
    main.o(i.main) refers to spi.o(i.MX_SPI1_Init) for MX_SPI1_Init
    main.o(i.main) refers to stm32f4xx_hal_cortex.o(i.HAL_SYSTICK_Config) for HAL_SYSTICK_Config
    main.o(i.main) refers to motor.o(i.board_config) for board_config
    main.o(i.main) refers to motor.o(i.ENC_Get_Electrical_Angle) for ENC_Get_Electrical_Angle
    main.o(i.main) refers to f2d.o(x$fpl$f2d) for __aeabi_f2d
    main.o(i.main) refers to noretval__2printf.o(.text) for __2printf
    main.o(i.main) refers to motor.o(i.get_Iab) for get_Iab
    main.o(i.main) refers to motor.o(i.get_DC_BUS) for get_DC_BUS
    main.o(i.main) refers to motor.o(i.temper_trans) for temper_trans
    main.o(i.main) refers to stm32f4xx_hal.o(.data) for uwTickFreq
    main.o(i.main) refers to system_stm32f4xx.o(.data) for SystemCoreClock
    main.o(i.main) refers to tzmx.o(.data) for ref_in
    main.o(i.main) refers to motor.o(.data) for State
    gpio.o(i.MX_GPIO_Init) refers to rt_memclr_w.o(.text) for __aeabi_memclr4
    gpio.o(i.MX_GPIO_Init) refers to stm32f4xx_hal_gpio.o(i.HAL_GPIO_WritePin) for HAL_GPIO_WritePin
    gpio.o(i.MX_GPIO_Init) refers to stm32f4xx_hal_gpio.o(i.HAL_GPIO_Init) for HAL_GPIO_Init
[...]
    out_k                                    0x200000c8   Data           4  motor.o(.data)
    out_k1                                   0x200000cc   Data           4  motor.o(.data)
    temp                                     0x200000d0   Data           4  motor.o(.data)
    out_k                                    0x200000d4   Data           4  motor.o(.data)
    out_k1                                   0x200000d8   Data           4  motor.o(.data)
    bError_counter                           0x200000dc   Data           1  motor.o(.data)
    Y_k                                      0x200000e0   Data           4  motor.o(.data)
    U_k                                      0x200000e4   Data           4  motor.o(.data)
    Y_k_1                                    0x200000e8   Data           4  motor.o(.data)
    .data                                    0x200000ec   Section       36  tzmx.o(.data)
    .data                                    0x20000110   Section        9  stm32f4xx_hal.o(.data)
    .data                                    0x2000011c   Section        4  system_stm32f4xx.o(.data)
    .data                                    0x20000120   Section        8  user_fcn.o(.data)
    cnt                                      0x20000124   Data           4  user_fcn.o(.data)
    .bss                                     0x20000128   Section      168  adc.o(.bss)
    .bss                                     0x200001d0   Section       20  dac.o(.bss)
    .bss                                     0x200001e4   Section       88  spi.o(.bss)
    .bss                                     0x2000023c   Section      216  tim.o(.bss)
    .bss                                     0x20000314   Section       68  usart.o(.bss)
    .bss                                     0x20000358   Section      112  motor.o(.bss)
    .bss                                     0x200003c8   Section       96  libspace.o(.bss)
    HEAP                                     0x20000428   Section      512  startup_stm32f405xx.o(HEAP)
    Heap_Mem                                 0x20000428   Data         512  startup_stm32f405xx.o(HEAP)
    STACK                                    0x20000628   Section     1024  startup_stm32f405xx.o(STACK)
    Stack_Mem                                0x20000628   Data        1024  startup_stm32f405xx.o(STACK)
    __initial_sp                             0x20000a28   Data           0  startup_stm32f405xx.o(STACK)

    Global Symbols

    Symbol Name                              Value     Ov Type        Size  Object(Section)

    BuildAttributes$$THM_ISAv4$E$P$D$K$B$S$7EM$VFPi3$EXTD16$VFPS$VFMA$PE$A:L22UL41UL21$X:L11$S22US41US21$IEEE1$IW$USESV6$~STKCKD$USESV7$~SHL$OTIME$ROPI$IEEEX$EBA8$UX$STANDARDLIB$REQ8$PRES8$EABIv2 0x00000000   Number         0  anon$$obj.o ABSOLUTE
    __ARM_use_no_argv                        0x00000000   Number         0  main.o ABSOLUTE
    _printf_flags                            0x00000000   Number         0  printf_stubs.o ABSOLUTE
    _printf_return_value                     0x00000000   Number         0  printf_stubs.o ABSOLUTE
    _printf_sizespec                         0x00000000   Number         0  printf_stubs.o ABSOLUTE
    _printf_widthprec                        0x00000000   Number         0  printf_stubs.o ABSOLUTE
    __ARM_exceptions_init                     - Undefined Weak Reference
    __alloca_initialize                       - Undefined Weak Reference
    __arm_preinit_                            - Undefined Weak Reference
    __cpp_initialize__aeabi_                  - Undefined Weak Reference
    __cxa_finalize                            - Undefined Weak Reference
    __sigvec_lookup                           - Undefined Weak Reference
    _atexit_init                              - Undefined Weak Reference
    _call_atexit_fns                          - Undefined Weak Reference
    _clock_init                               - Undefined Weak Reference
    _fp_trap_big                              - Undefined Weak Reference
    _fp_trap_init                             - Undefined Weak Reference
    _fp_trap_shutdown                         - Undefined Weak Reference
    _get_lc_collate                           - Undefined Weak Reference
    _get_lc_ctype                             - Undefined Weak Reference
    _get_lc_monetary                          - Undefined Weak Reference
    _get_lc_time                              - Undefined Weak Reference
    _getenv_init                              - Undefined Weak Reference
    _handle_redirection                       - Undefined Weak Reference
    _init_alloc                               - Undefined Weak Reference
    _init_user_alloc                          - Undefined Weak Reference
    _initio                                   - Undefined Weak Reference
    _mutex_acquire                            - Undefined Weak Reference
    _mutex_release                            - Undefined Weak Reference
    _printf_post_padding                      - Undefined Weak Reference
    _printf_pre_padding                       - Undefined Weak Reference
    _rand_init                                - Undefined Weak Reference
    _signal_finish                            - Undefined Weak Reference
    _signal_init                              - Undefined Weak Reference
    _terminate_alloc                          - Undefined Weak Reference
    _terminate_user_alloc                     - Undefined Weak Reference
    _terminateio                              - Undefined Weak Reference
    __Vectors_Size                           0x00000188   Number         0  startup_stm32f405xx.o ABSOLUTE
    __Vectors                                0x08000000   Data           4  startup_stm32f405xx.o(RESET)
    __Vectors_End                            0x08000188   Data           0  startup_stm32f405xx.o(RESET)
    __main                                   0x08000189   Thumb Code     8  __main.o(!!!main)
    __scatterload                            0x08000191   Thumb Code     0  __scatter.o(!!!scatter)
    __scatterload_rt2                        0x08000191   Thumb Code    44  __scatter.o(!!!scatter)
    __scatterload_rt2_thumb_only             0x08000191   Thumb Code     0  __scatter.o(!!!scatter)
    __scatterload_null                       0x0800019f   Thumb Code     0  __scatter.o(!!!scatter)
    __scatterload_copy                       0x080001c5   Thumb Code    26  __scatter_copy.o(!!handler_copy)
    __scatterload_zeroinit                   0x080001e1   Thumb Code    28  __scatter_zi.o(!!handler_zi)
    _printf_f                                0x080001fd   Thumb Code     0  _printf_f.o(.ARM.Collect$$_printf_percent$$00000003)
    _printf_percent                          0x080001fd   Thumb Code     0  _printf_percent.o(.ARM.Collect$$_printf_percent$$00000000)
    _printf_percent_end                      0x08000203   Thumb Code     0  _printf_percent_end.o(.ARM.Collect$$_printf_percent$$00000017)
    __rt_lib_init                            0x08000207   Thumb Code     0  libinit.o(.ARM.Collect$$libinit$$00000000)
    __rt_lib_init_fp_1                       0x08000209   Thumb Code     0  libinit2.o(.ARM.Collect$$libinit$$00000001)
    __rt_lib_init_heap_1                     0x0800020d   Thumb Code     0  libinit2.o(.ARM.Collect$$libinit$$0000000A)
    __rt_lib_init_lc_common                  0x0800020d   Thumb Code     0  libinit2.o(.ARM.Collect$$libinit$$0000000F)
    __rt_lib_init_preinit_1                  0x0800020d   Thumb Code     0  libinit2.o(.ARM.Collect$$libinit$$00000004)
    __rt_lib_init_rand_1                     0x0800020d   Thumb Code     0  libinit2.o(.ARM.Collect$$libinit$$0000000E)
    __rt_lib_init_user_alloc_1               0x0800020d   Thumb Code     0  libinit2.o(.ARM.Collect$$libinit$$0000000C)
    __rt_lib_init_lc_collate_1               0x08000213   Thumb Code     0  libinit2.o(.ARM.Collect$$libinit$$00000011)
    __rt_lib_init_lc_ctype_1                 0x08000213   Thumb Code     0  libinit2.o(.ARM.Collect$$libinit$$00000013)
    __rt_lib_init_lc_monetary_1              0x08000213   Thumb Code     0  libinit2.o(.ARM.Collect$$libinit$$00000015)
    __rt_lib_init_lc_numeric_2               0x08000213   Thumb Code     0  libinit2.o(.ARM.Collect$$libinit$$00000016)
    __rt_lib_init_alloca_1                   0x0800021d   Thumb Code     0  libinit2.o(.ARM.Collect$$libinit$$0000002E)
    __rt_lib_init_argv_1                     0x0800021d   Thumb Code     0  libinit2.o(.ARM.Collect$$libinit$$0000002C)
    __rt_lib_init_atexit_1                   0x0800021d   Thumb Code     0  libinit2.o(.ARM.Collect$$libinit$$0000001B)
    __rt_lib_init_clock_1                    0x0800021d   Thumb Code     0  libinit2.o(.ARM.Collect$$libinit$$00000021)
    __rt_lib_init_cpp_1                      0x0800021d   Thumb Code     0  libinit2.o(.ARM.Collect$$libinit$$00000032)
    __rt_lib_init_exceptions_1               0x0800021d   Thumb Code     0  libinit2.o(.ARM.Collect$$libinit$$00000030)
    __rt_lib_init_fp_trap_1                  0x0800021d   Thumb Code     0  libinit2.o(.ARM.Collect$$libinit$$0000001F)
    __rt_lib_init_getenv_1                   0x0800021d   Thumb Code     0  libinit2.o(.ARM.Collect$$libinit$$00000023)
    __rt_lib_init_lc_numeric_1               0x0800021d   Thumb Code     0  libinit2.o(.ARM.Collect$$libinit$$00000017)
    __rt_lib_init_lc_time_1                  0x0800021d   Thumb Code     0  libinit2.o(.ARM.Collect$$libinit$$00000019)
    __rt_lib_init_return                     0x0800021d   Thumb Code     0  libinit2.o(.ARM.Collect$$libinit$$00000033)
    __rt_lib_init_signal_1                   0x0800021d   Thumb Code     0  libinit2.o(.ARM.Collect$$libinit$$0000001D)
    __rt_lib_init_stdio_1                    0x0800021d   Thumb Code     0  libinit2.o(.ARM.Collect$$libinit$$00000025)
    __rt_lib_shutdown                        0x0800021f   Thumb Code     0  libshutdown.o(.ARM.Collect$$libshutdown$$00000000)
    __rt_lib_shutdown_cpp_1                  0x08000221   Thumb Code     0  libshutdown2.o(.ARM.Collect$$libshutdown$$00000002)
    __rt_lib_shutdown_fp_trap_1              0x08000221   Thumb Code     0  libshutdown2.o(.ARM.Collect$$libshutdown$$00000007)
    __rt_lib_shutdown_heap_1                 0x08000221   Thumb Code     0  libshutdown2.o(.ARM.Collect$$libshutdown$$0000000F)
    __rt_lib_shutdown_return                 0x08000221   Thumb Code     0  libshutdown2.o(.ARM.Collect$$libshutdown$$00000010)
    __rt_lib_shutdown_signal_1               0x08000221   Thumb Code     0  libshutdown2.o(.ARM.Collect$$libshutdown$$0000000A)
    __rt_lib_shutdown_stdio_1                0x08000221   Thumb Code     0  libshutdown2.o(.ARM.Collect$$libshutdown$$00000004)
    __rt_lib_shutdown_user_alloc_1           0x08000221   Thumb Code     0  libshutdown2.o(.ARM.Collect$$libshutdown$$0000000C)
    __rt_entry                               0x08000223   Thumb Code     0  __rtentry.o(.ARM.Collect$$rtentry$$00000000)
    __rt_entry_presh_1                       0x08000223   Thumb Code     0  __rtentry2.o(.ARM.Collect$$rtentry$$00000002)
    __rt_entry_sh                            0x08000223   Thumb Code     0  __rtentry4.o(.ARM.Collect$$rtentry$$00000004)
    __rt_entry_li                            0x08000229   Thumb Code     0  __rtentry2.o(.ARM.Collect$$rtentry$$0000000A)
    __rt_entry_postsh_1                      0x08000229   Thumb Code     0  __rtentry2.o(.ARM.Collect$$rtentry$$00000009)
    __rt_entry_main                          0x0800022d   Thumb Code     0  __rtentry2.o(.ARM.Collect$$rtentry$$0000000D)
    __rt_entry_postli_1                      0x0800022d   Thumb Code     0  __rtentry2.o(.ARM.Collect$$rtentry$$0000000C)
    __rt_exit                                0x08000235   Thumb Code     0  rtexit.o(.ARM.Collect$$rtexit$$00000000)
    __rt_exit_ls                             0x08000237   Thumb Code     0  rtexit2.o(.ARM.Collect$$rtexit$$00000003)
    __rt_exit_prels_1                        0x08000237   Thumb Code     0  rtexit2.o(.ARM.Collect$$rtexit$$00000002)
    __rt_exit_exit                           0x0800023b   Thumb Code     0  rtexit2.o(.ARM.Collect$$rtexit$$00000004)
    Reset_Handler                            0x08000241   Thumb Code     8  startup_stm32f405xx.o(.text)
    CAN1_RX0_IRQHandler                      0x0800025b   Thumb Code     0  startup_stm32f405xx.o(.text)
    CAN1_RX1_IRQHandler                      0x0800025b   Thumb Code     0  startup_stm32f405xx.o(.text)
    CAN1_SCE_IRQHandler                      0x0800025b   Thumb Code     0  startup_stm32f405xx.o(.text)
    CAN1_TX_IRQHandler                       0x0800025b   Thumb Code     0  startup_stm32f405xx.o(.text)
    CAN2_RX0_IRQHandler                      0x0800025b   Thumb Code     0  startup_stm32f405xx.o(.text)
    CAN2_RX1_IRQHandler                      0x0800025b   Thumb Code     0  startup_stm32f405xx.o(.text)
    CAN2_SCE_IRQHandler                      0x0800025b   Thumb Code     0  startup_stm32f405xx.o(.text)
    CAN2_TX_IRQHandler                       0x0800025b   Thumb Code     0  startup_stm32f405xx.o(.text)
    DMA1_Stream0_IRQHandler                  0x0800025b   Thumb Code     0  startup_stm32f405xx.o(.text)
    DMA1_Stream1_IRQHandler                  0x0800025b   Thumb Code     0  startup_stm32f405xx.o(.text)
    DMA1_Stream2_IRQHandler                  0x0800025b   Thumb Code     0  startup_stm32f405xx.o(.text)
    DMA1_Stream3_IRQHandler                  0x0800025b   Thumb Code     0  startup_stm32f405xx.o(.text)
    DMA1_Stream4_IRQHandler                  0x0800025b   Thumb Code     0  startup_stm32f405xx.o(.text)
    DMA1_Stream5_IRQHandler                  0x0800025b   Thumb Code     0  startup_stm32f405xx.o(.text)
    DMA1_Stream6_IRQHandler                  0x0800025b   Thumb Code     0  startup_stm32f405xx.o(.text)
    DMA1_Stream7_IRQHandler                  0x0800025b   Thumb Code     0  startup_stm32f405xx.o(.text)
    DMA2_Stream1_IRQHandler                  0x0800025b   Thumb Code     0  startup_stm32f405xx.o(.text)
    DMA2_Stream2_IRQHandler                  0x0800025b   Thumb Code     0  startup_stm32f405xx.o(.text)
    DMA2_Stream3_IRQHandler                  0x0800025b   Thumb Code     0  startup_stm32f405xx.o(.text)
    DMA2_Stream4_IRQHandler                  0x0800025b   Thumb Code     0  startup_stm32f405xx.o(.text)
    DMA2_Stream5_IRQHandler                  0x0800025b   Thumb Code     0  startup_stm32f405xx.o(.text)
    DMA2_Stream6_IRQHandler                  0x0800025b   Thumb Code     0  startup_stm32f405xx.o(.text)
    DMA2_Stream7_IRQHandler                  0x0800025b   Thumb Code     0  startup_stm32f405xx.o(.text)
    EXTI0_IRQHandler                         0x0800025b   Thumb Code     0  startup_stm32f405xx.o(.text)
    EXTI15_10_IRQHandler                     0x0800025b   Thumb Code     0  startup_stm32f405xx.o(.text)
    EXTI1_IRQHandler                         0x0800025b   Thumb Code     0  startup_stm32f405xx.o(.text)
    EXTI2_IRQHandler                         0x0800025b   Thumb Code     0  startup_stm32f405xx.o(.text)
    EXTI3_IRQHandler                         0x0800025b   Thumb Code     0  startup_stm32f405xx.o(.text)
    EXTI4_IRQHandler                         0x0800025b   Thumb Code     0  startup_stm32f405xx.o(.text)
    EXTI9_5_IRQHandler                       0x0800025b   Thumb Code     0  startup_stm32f405xx.o(.text)
    FLASH_IRQHandler                         0x0800025b   Thumb Code     0  startup_stm32f405xx.o(.text)
    FMC_IRQHandler                           0x0800025b   Thumb Code     0  startup_stm32f405xx.o(.text)
    FPU_IRQHandler                           0x0800025b   Thumb Code     0  startup_stm32f405xx.o(.text)
    HASH_RNG_IRQHandler                      0x0800025b   Thumb Code     0  startup_stm32f405xx.o(.text)
    I2C1_ER_IRQHandler                       0x0800025b   Thumb Code     0  startup_stm32f405xx.o(.text)
    I2C1_EV_IRQHandler                       0x0800025b   Thumb Code     0  startup_stm32f405xx.o(.text)
    I2C2_ER_IRQHandler                       0x0800025b   Thumb Code     0  startup_stm32f405xx.o(.text)
    I2C2_EV_IRQHandler                       0x0800025b   Thumb Code     0  startup_stm32f405xx.o(.text)
    I2C3_ER_IRQHandler                       0x0800025b   Thumb Code     0  startup_stm32f405xx.o(.text)
    I2C3_EV_IRQHandler                       0x0800025b   Thumb Code     0  startup_stm32f405xx.o(.text)
    OTG_FS_IRQHandler                        0x0800025b   Thumb Code     0  startup_stm32f405xx.o(.text)
    OTG_FS_WKUP_IRQHandler                   0x0800025b   Thumb Code     0  startup_stm32f405xx.o(.text)
    OTG_HS_EP1_IN_IRQHandler                 0x0800025b   Thumb Code     0  startup_stm32f405xx.o(.text)
    OTG_HS_EP1_OUT_IRQHandler                0x0800025b   Thumb Code     0  startup_stm32f405xx.o(.text)
    OTG_HS_IRQHandler                        0x0800025b   Thumb Code     0  startup_stm32f405xx.o(.text)
    OTG_HS_WKUP_IRQHandler                   0x0800025b   Thumb Code     0  startup_stm32f405xx.o(.text)
    PVD_IRQHandler                           0x0800025b   Thumb Code     0  startup_stm32f405xx.o(.text)
    RCC_IRQHandler                           0x0800025b   Thumb Code     0  startup_stm32f405xx.o(.text)
    RTC_Alarm_IRQHandler                     0x0800025b   Thumb Code     0  startup_stm32f405xx.o(.text)
    RTC_WKUP_IRQHandler                      0x0800025b   Thumb Code     0  startup_stm32f405xx.o(.text)
    SDIO_IRQHandler                          0x0800025b   Thumb Code     0  startup_stm32f405xx.o(.text)
    SPI1_IRQHandler                          0x0800025b   Thumb Code     0  startup_stm32f405xx.o(.text)
    SPI2_IRQHandler                          0x0800025b   Thumb Code     0  startup_stm32f405xx.o(.text)
    SPI3_IRQHandler                          0x0800025b   Thumb Code     0  startup_stm32f405xx.o(.text)
    TAMP_STAMP_IRQHandler                    0x0800025b   Thumb Code     0  startup_stm32f405xx.o(.text)
    TIM1_BRK_TIM9_IRQHandler                 0x0800025b   Thumb Code     0  startup_stm32f405xx.o(.text)
    TIM1_CC_IRQHandler                       0x0800025b   Thumb Code     0  startup_stm32f405xx.o(.text)
    TIM1_TRG_COM_TIM11_IRQHandler            0x0800025b   Thumb Code     0  startup_stm32f405xx.o(.text)
    TIM1_UP_TIM10_IRQHandler                 0x0800025b   Thumb Code     0  startup_stm32f405xx.o(.text)
    TIM3_IRQHandler                          0x0800025b   Thumb Code     0  startup_stm32f405xx.o(.text)
    TIM5_IRQHandler                          0x0800025b   Thumb Code     0  startup_stm32f405xx.o(.text)
    TIM6_DAC_IRQHandler                      0x0800025b   Thumb Code     0  startup_stm32f405xx.o(.text)
    TIM7_IRQHandler                          0x0800025b   Thumb Code     0  startup_stm32f405xx.o(.text)
    TIM8_BRK_TIM12_IRQHandler                0x0800025b   Thumb Code     0  startup_stm32f405xx.o(.text)
    TIM8_CC_IRQHandler                       0x0800025b   Thumb Code     0  startup_stm32f405xx.o(.text)
    TIM8_TRG_COM_TIM14_IRQHandler            0x0800025b   Thumb Code     0  startup_stm32f405xx.o(.text)
    TIM8_UP_TIM13_IRQHandler                 0x0800025b   Thumb Code     0  startup_stm32f405xx.o(.text)
    UART4_IRQHandler                         0x0800025b   Thumb Code     0  startup_stm32f405xx.o(.text)
    UART5_IRQHandler                         0x0800025b   Thumb Code     0  startup_stm32f405xx.o(.text)
    USART1_IRQHandler                        0x0800025b   Thumb Code     0  startup_stm32f405xx.o(.text)
    USART2_IRQHandler                        0x0800025b   Thumb Code     0  startup_stm32f405xx.o(.text)
    USART3_IRQHandler                        0x0800025b   Thumb Code     0  startup_stm32f405xx.o(.text)
    USART6_IRQHandler                        0x0800025b   Thumb Code     0  startup_stm32f405xx.o(.text)
    WWDG_IRQHandler                          0x0800025b   Thumb Code     0  startup_stm32f405xx.o(.text)
    __user_initial_stackheap                 0x0800025d   Thumb Code     0  startup_stm32f405xx.o(.text)
    arm_cos_f32                              0x08000281   Thumb Code   108  arm_cos_f32.o(.text)
    arm_sin_f32                              0x080002f9   Thumb Code   130  arm_sin_f32.o(.text)
    __use_no_semihosting                     0x0800038d   Thumb Code     2  use_no_semi_2.o(.text)
    __aeabi_uldivmod                         0x0800038f   Thumb Code     0  lludivv7m.o(.text)
    _ll_udiv                                 0x0800038f   Thumb Code   238  lludivv7m.o(.text)
    __aeabi_ldivmod                          0x0800047d   Thumb Code     0  llsdiv.o(.text)
    _ll_sdiv                                 0x0800047d   Thumb Code    72  llsdiv.o(.text)
    __2printf                                0x080004c5   Thumb Code    20  noretval__2printf.o(.text)
    __printf                                 0x080004dd   Thumb Code   270  __printf_wp.o(.text)
    __aeabi_memclr4                          0x080005eb   Thumb Code     0  rt_memclr_w.o(.text)
    __aeabi_memclr8                          0x080005eb   Thumb Code     0  rt_memclr_w.o(.text)
    __rt_memclr_w                            0x080005eb   Thumb Code    78  rt_memclr_w.o(.text)
    _memset_w                                0x080005ef   Thumb Code     0  rt_memclr_w.o(.text)
    __use_two_region_memory                  0x08000639   Thumb Code     2  heapauxi.o(.text)
    __rt_heap_escrow$2region                 0x0800063b   Thumb Code     2  heapauxi.o(.text)
    __rt_heap_expand$2region                 0x0800063d   Thumb Code     2  heapauxi.o(.text)
    __I$use$semihosting                      0x0800063f   Thumb Code     0  use_no_semi.o(.text)
    __use_no_semihosting_swi                 0x0800063f   Thumb Code     2  use_no_semi.o(.text)
    __read_errno                             0x08000641   Thumb Code    10  _rserrno.o(.text)
    __set_errno                              0x0800064b   Thumb Code    12  _rserrno.o(.text)
    __lib_sel_fp_printf                      0x08000657   Thumb Code     2  _printf_fp_dec.o(.text)
    _printf_fp_dec_real                      0x08000809   Thumb Code   620  _printf_fp_dec.o(.text)
    _printf_char_file                        0x08000a75   Thumb Code    32  _printf_char_file.o(.text)
    __rt_locale                              0x08000a99   Thumb Code     8  rt_locale_intlibspace.o(.text)
    __aeabi_errno_addr                       0x08000aa1   Thumb Code     8  rt_errno_addr_intlibspace.o(.text)
    __errno$intlibspace                      0x08000aa1   Thumb Code     0  rt_errno_addr_intlibspace.o(.text)
    __rt_errno_addr$intlibspace              0x08000aa1   Thumb Code     0  rt_errno_addr_intlibspace.o(.text)
    _ll_udiv10                               0x08000aa9   Thumb Code   138  lludiv10.o(.text)
    _fp_trap                                 0x08000b35   Thumb Code    44  _fptrap.o(.text)
    _printf_char_common                      0x08000b6f   Thumb Code    32  _printf_char_common.o(.text)
    _printf_fp_infnan                        0x08000b95   Thumb Code   112  _printf_fp_infnan.o(.text)
    _btod_etento                             0x08000c15   Thumb Code   224  bigflt0.o(.text)
    ferror                                   0x08000cf9   Thumb Code     8  ferror.o(.text)
    __user_libspace                          0x08000d01   Thumb Code     8  libspace.o(.text)
    __user_perproc_libspace                  0x08000d01   Thumb Code     0  libspace.o(.text)
    __user_perthread_libspace                0x08000d01   Thumb Code     0  libspace.o(.text)
    __user_setup_stackheap                   0x08000d09   Thumb Code    74  sys_stackheap_outer.o(.text)
    exit                                     0x08000d53   Thumb Code    18  exit.o(.text)
    __rt_SIGFPE                              0x08000d65   Thumb Code    14  defsig_fpe_outer.o(.text)
    strcmp                                   0x08000d75   Thumb Code   128  strcmpv7m.o(.text)
    __sig_exit                               0x08000df5   Thumb Code    10  defsig_exit.o(.text)
    __rt_SIGFPE_inner                        0x08000e01   Thumb Code    62  defsig_fpe_inner.o(.text)
    __default_signal_display                 0x08000ead   Thumb Code    50  defsig_general.o(.text)
    _btod_d2e                                0x08000edf   Thumb Code    62  btod.o(CL$$btod_d2e)
    _d2e_denorm_low                          0x08000f1d   Thumb Code    70  btod.o(CL$$btod_d2e_denorm_low)
    _d2e_norm_op1                            0x08000f63   Thumb Code    96  btod.o(CL$$btod_d2e_norm_op1)
    __btod_div_common                        0x08000fc3   Thumb Code   696  btod.o(CL$$btod_div_common)
    _e2e                                     0x080012fb   Thumb Code   220  btod.o(CL$$btod_e2e)
    _btod_ediv                               0x080013d7   Thumb Code    42  btod.o(CL$$btod_ediv)
    _btod_emul                               0x08001401   Thumb Code    42  btod.o(CL$$btod_emul)
    __btod_mult_common                       0x0800142b   Thumb Code   580  btod.o(CL$$btod_mult_common)
    ADC_IRQHandler                           0x08001671   Thumb Code    10  stm32f4xx_it.o(i.ADC_IRQHandler)
    Angle_To_Cos_Sin                         0x080017e1   Thumb Code    42  motor.o(i.Angle_To_Cos_Sin)
    BusFault_Handler                         0x0800180b   Thumb Code     4  stm32f4xx_it.o(i.BusFault_Handler)
    Clarke_Transf                            0x08001811   Thumb Code    94  motor.o(i.Clarke_Transf)
    Current_PID_Calc                         0x08001875   Thumb Code   122  motor.o(i.Current_PID_Calc)
    DMA2_Stream0_IRQHandler                  0x080018f5   Thumb Code    10  stm32f4xx_it.o(i.DMA2_Stream0_IRQHandler)
    DebugMon_Handler                         0x080019e3   Thumb Code     2  stm32f4xx_it.o(i.DebugMon_Handler)
    ENC_Calc_Average_Speed                   0x080019e5   Thumb Code   214  motor.o(i.ENC_Calc_Average_Speed)
    ENC_Calc_Rot_Speed                       0x08001ad9   Thumb Code   248  motor.o(i.ENC_Calc_Rot_Speed)
    ENC_Clear_Speed_Buffer                   0x08001bdd   Thumb Code    26  motor.o(i.ENC_Clear_Speed_Buffer)
    ENC_Get_Electrical_Angle                 0x08001c01   Thumb Code    32  motor.o(i.ENC_Get_Electrical_Angle)
    ENC_Get_Electrical_Angle_S16             0x08001c29   Thumb Code    24  motor.o(i.ENC_Get_Electrical_Angle_S16)
    ENC_Get_Mechanical_Speed                 0x08001c49   Thumb Code     8  motor.o(i.ENC_Get_Mechanical_Speed)
    ENC_ResetEncoder                         0x08001c55   Thumb Code    10  motor.o(i.ENC_ResetEncoder)
    Error_Handler                            0x08001c5f   Thumb Code     6  main.o(i.Error_Handler)
    HAL_ADCEx_InjectedConfigChannel          0x08001c65   Thumb Code   540  stm32f4xx_hal_adc_ex.o(i.HAL_ADCEx_InjectedConfigChannel)
    HAL_ADCEx_InjectedConvCpltCallback       0x08001e8d   Thumb Code    32  motor.o(i.HAL_ADCEx_InjectedConvCpltCallback)
    HAL_ADCEx_InjectedGetValue               0x08001eb1   Thumb Code    70  stm32f4xx_hal_adc_ex.o(i.HAL_ADCEx_InjectedGetValue)
    HAL_ADCEx_InjectedStart                  0x08001ef9   Thumb Code   270  stm32f4xx_hal_adc_ex.o(i.HAL_ADCEx_InjectedStart)
    HAL_ADCEx_InjectedStart_IT               0x08002019   Thumb Code   282  stm32f4xx_hal_adc_ex.o(i.HAL_ADCEx_InjectedStart_IT)
    HAL_ADC_ConfigChannel                    0x08002145   Thumb Code   380  stm32f4xx_hal_adc.o(i.HAL_ADC_ConfigChannel)
    HAL_ADC_ConvCpltCallback                 0x080022d1   Thumb Code     2  stm32f4xx_hal_adc.o(i.HAL_ADC_ConvCpltCallback)
    HAL_ADC_ErrorCallback                    0x080022d3   Thumb Code     2  stm32f4xx_hal_adc.o(i.HAL_ADC_ErrorCallback)
    HAL_ADC_GetValue                         0x080022d5   Thumb Code     8  stm32f4xx_hal_adc.o(i.HAL_ADC_GetValue)
    HAL_ADC_IRQHandler                       0x080022dd   Thumb Code   354  stm32f4xx_hal_adc.o(i.HAL_ADC_IRQHandler)
    HAL_ADC_Init                             0x08002441   Thumb Code   100  stm32f4xx_hal_adc.o(i.HAL_ADC_Init)
    HAL_ADC_LevelOutOfWindowCallback         0x080024a9   Thumb Code     2  stm32f4xx_hal_adc.o(i.HAL_ADC_LevelOutOfWindowCallback)
    HAL_ADC_MspInit                          0x080024ad   Thumb Code   244  adc.o(i.HAL_ADC_MspInit)
    HAL_ADC_PollForConversion                0x080025b9   Thumb Code   206  stm32f4xx_hal_adc.o(i.HAL_ADC_PollForConversion)
    HAL_ADC_Start                            0x08002689   Thumb Code   308  stm32f4xx_hal_adc.o(i.HAL_ADC_Start)
    HAL_DAC_ConfigChannel                    0x080027d5   Thumb Code    98  stm32f4xx_hal_dac.o(i.HAL_DAC_ConfigChannel)
    HAL_DAC_Init                             0x08002837   Thumb Code    40  stm32f4xx_hal_dac.o(i.HAL_DAC_Init)
    HAL_DAC_MspInit                          0x08002861   Thumb Code   114  dac.o(i.HAL_DAC_MspInit)
    HAL_DMA_IRQHandler                       0x080028e1   Thumb Code   570  stm32f4xx_hal_dma.o(i.HAL_DMA_IRQHandler)
    HAL_DMA_Init                             0x08002b21   Thumb Code   232  stm32f4xx_hal_dma.o(i.HAL_DMA_Init)
    HAL_GPIO_Init                            0x08002c0d   Thumb Code   454  stm32f4xx_hal_gpio.o(i.HAL_GPIO_Init)
    HAL_GPIO_TogglePin                       0x08002e01   Thumb Code    20  stm32f4xx_hal_gpio.o(i.HAL_GPIO_TogglePin)
    HAL_GPIO_WritePin                        0x08002e15   Thumb Code    12  stm32f4xx_hal_gpio.o(i.HAL_GPIO_WritePin)
    HAL_GetTick                              0x08002e21   Thumb Code     6  stm32f4xx_hal.o(i.HAL_GetTick)
    HAL_IncTick                              0x08002e2d   Thumb Code    16  stm32f4xx_hal.o(i.HAL_IncTick)
    HAL_Init                                 0x08002e45   Thumb Code    54  stm32f4xx_hal.o(i.HAL_Init)
    HAL_InitTick                             0x08002e81   Thumb Code    64  stm32f4xx_hal.o(i.HAL_InitTick)
    HAL_MspInit                              0x08002ecd   Thumb Code    68  stm32f4xx_hal_msp.o(i.HAL_MspInit)
    HAL_NVIC_EnableIRQ                       0x08002f15   Thumb Code    32  stm32f4xx_hal_cortex.o(i.HAL_NVIC_EnableIRQ)
    HAL_NVIC_SetPriority                     0x08002f35   Thumb Code   124  stm32f4xx_hal_cortex.o(i.HAL_NVIC_SetPriority)
    HAL_NVIC_SetPriorityGrouping             0x08002fb1   Thumb Code    32  stm32f4xx_hal_cortex.o(i.HAL_NVIC_SetPriorityGrouping)
    HAL_RCC_ClockConfig                      0x08002fd9   Thumb Code   368  stm32f4xx_hal_rcc.o(i.HAL_RCC_ClockConfig)
    HAL_RCC_GetHCLKFreq                      0x0800315d   Thumb Code     6  stm32f4xx_hal_rcc.o(i.HAL_RCC_GetHCLKFreq)
    HAL_RCC_GetPCLK1Freq                     0x08003169   Thumb Code    22  stm32f4xx_hal_rcc.o(i.HAL_RCC_GetPCLK1Freq)
    HAL_RCC_GetPCLK2Freq                     0x08003189   Thumb Code    22  stm32f4xx_hal_rcc.o(i.HAL_RCC_GetPCLK2Freq)
    HAL_RCC_GetSysClockFreq                  0x080031a9   Thumb Code   162  stm32f4xx_hal_rcc.o(i.HAL_RCC_GetSysClockFreq)
    HAL_RCC_OscConfig                        0x08003259   Thumb Code  1172  stm32f4xx_hal_rcc.o(i.HAL_RCC_OscConfig)
    HAL_SPI_Init                             0x080036f5   Thumb Code   200  stm32f4xx_hal_spi.o(i.HAL_SPI_Init)
    HAL_SPI_MspInit                          0x080037bd   Thumb Code   122  spi.o(i.HAL_SPI_MspInit)
    HAL_SYSTICK_Callback                     0x08003845   Thumb Code   174  motor.o(i.HAL_SYSTICK_Callback)
    HAL_SYSTICK_Config                       0x08003919   Thumb Code    52  stm32f4xx_hal_cortex.o(i.HAL_SYSTICK_Config)
    HAL_SYSTICK_IRQHandler                   0x0800394d   Thumb Code     8  stm32f4xx_hal_cortex.o(i.HAL_SYSTICK_IRQHandler)
    HAL_TIMEx_BreakCallback                  0x08003955   Thumb Code     2  stm32f4xx_hal_tim_ex.o(i.HAL_TIMEx_BreakCallback)
    HAL_TIMEx_CommutCallback                 0x08003957   Thumb Code     2  stm32f4xx_hal_tim_ex.o(i.HAL_TIMEx_CommutCallback)
    HAL_TIMEx_ConfigBreakDeadTime            0x08003959   Thumb Code   116  stm32f4xx_hal_tim_ex.o(i.HAL_TIMEx_ConfigBreakDeadTime)
    HAL_TIMEx_MasterConfigSynchronization    0x080039cd   Thumb Code   150  stm32f4xx_hal_tim_ex.o(i.HAL_TIMEx_MasterConfigSynchronization)
    HAL_TIMEx_PWMN_Start                     0x08003a81   Thumb Code   214  stm32f4xx_hal_tim_ex.o(i.HAL_TIMEx_PWMN_Start)
    HAL_TIM_Base_Init                        0x08003b75   Thumb Code   102  stm32f4xx_hal_tim.o(i.HAL_TIM_Base_Init)
    HAL_TIM_Base_MspInit                     0x08003bdd   Thumb Code   106  tim.o(i.HAL_TIM_Base_MspInit)
    HAL_TIM_Base_Start_IT                    0x08003c55   Thumb Code   138  stm32f4xx_hal_tim.o(i.HAL_TIM_Base_Start_IT)
    HAL_TIM_ConfigClockSource                0x08003cfd   Thumb Code   268  stm32f4xx_hal_tim.o(i.HAL_TIM_ConfigClockSource)
    HAL_TIM_Encoder_Init                     0x08003e09   Thumb Code   200  stm32f4xx_hal_tim.o(i.HAL_TIM_Encoder_Init)
    HAL_TIM_Encoder_MspInit                  0x08003ed1   Thumb Code   136  tim.o(i.HAL_TIM_Encoder_MspInit)
    HAL_TIM_Encoder_Start_IT                 0x08003f61   Thumb Code   252  stm32f4xx_hal_tim.o(i.HAL_TIM_Encoder_Start_IT)
    HAL_TIM_IC_CaptureCallback               0x0800405d   Thumb Code     2  stm32f4xx_hal_tim.o(i.HAL_TIM_IC_CaptureCallback)
    HAL_TIM_IRQHandler                       0x0800405f   Thumb Code   406  stm32f4xx_hal_tim.o(i.HAL_TIM_IRQHandler)
    HAL_TIM_MspPostInit                      0x080041f5   Thumb Code   144  tim.o(i.HAL_TIM_MspPostInit)
    HAL_TIM_OC_DelayElapsedCallback          0x08004295   Thumb Code     2  stm32f4xx_hal_tim.o(i.HAL_TIM_OC_DelayElapsedCallback)
    HAL_TIM_PWM_ConfigChannel                0x08004297   Thumb Code   260  stm32f4xx_hal_tim.o(i.HAL_TIM_PWM_ConfigChannel)
    HAL_TIM_PWM_Init                         0x0800439b   Thumb Code   102  stm32f4xx_hal_tim.o(i.HAL_TIM_PWM_Init)
    HAL_TIM_PWM_MspInit                      0x08004401   Thumb Code     2  stm32f4xx_hal_tim.o(i.HAL_TIM_PWM_MspInit)
    HAL_TIM_PWM_PulseFinishedCallback        0x08004403   Thumb Code     2  stm32f4xx_hal_tim.o(i.HAL_TIM_PWM_PulseFinishedCallback)
    HAL_TIM_PWM_Start                        0x08004405   Thumb Code   238  stm32f4xx_hal_tim.o(i.HAL_TIM_PWM_Start)
    HAL_TIM_PeriodElapsedCallback            0x08004511   Thumb Code    64  motor.o(i.HAL_TIM_PeriodElapsedCallback)
    HAL_TIM_TriggerCallback                  0x0800455d   Thumb Code     2  stm32f4xx_hal_tim.o(i.HAL_TIM_TriggerCallback)
    HAL_UART_Init                            0x0800455f   Thumb Code   114  stm32f4xx_hal_uart.o(i.HAL_UART_Init)
    HAL_UART_MspInit                         0x080045d1   Thumb Code   122  usart.o(i.HAL_UART_MspInit)
    HardFault_Handler                        0x08004659   Thumb Code     4  stm32f4xx_it.o(i.HardFault_Handler)
    LED_DIR                                  0x0800465d   Thumb Code    54  user_fcn.o(i.LED_DIR)
    MX_ADC1_Init                             0x0800469d   Thumb Code   528  adc.o(i.MX_ADC1_Init)
    MX_DAC_Init                              0x080048c9   Thumb Code    50  dac.o(i.MX_DAC_Init)
    MX_DMA_Init                              0x08004905   Thumb Code    52  dma.o(i.MX_DMA_Init)
    MX_GPIO_Init                             0x0800493d   Thumb Code   322  gpio.o(i.MX_GPIO_Init)
    MX_SPI1_Init                             0x08004a95   Thumb Code    58  spi.o(i.MX_SPI1_Init)
    MX_TIM1_Init                             0x08004ad9   Thumb Code   298  tim.o(i.MX_TIM1_Init)
    MX_TIM2_Init                             0x08004c0d   Thumb Code   122  tim.o(i.MX_TIM2_Init)
    MX_TIM4_Init                             0x08004c8d   Thumb Code   100  tim.o(i.MX_TIM4_Init)
    MX_USART1_UART_Init                      0x08004cf9   Thumb Code    46  usart.o(i.MX_USART1_UART_Init)
    MemManage_Handler                        0x08004d31   Thumb Code     4  stm32f4xx_it.o(i.MemManage_Handler)
    NMI_Handler                              0x08004d35   Thumb Code     4  stm32f4xx_it.o(i.NMI_Handler)
    PID_Init                                 0x08004d39   Thumb Code   206  motor.o(i.PID_Init)
    Park_Transf                              0x08004e55   Thumb Code    70  motor.o(i.Park_Transf)
    PendSV_Handler                           0x08004e9b   Thumb Code     2  stm32f4xx_it.o(i.PendSV_Handler)
    Rev_Park_Transf                          0x08004e9d   Thumb Code    66  motor.o(i.Rev_Park_Transf)
    SVC_Handler                              0x08004edf   Thumb Code     2  stm32f4xx_it.o(i.SVC_Handler)
    SVPWM_Calc                               0x08004ee1   Thumb Code  1626  motor.o(i.SVPWM_Calc)
    Speed_Pid_Calc                           0x08005549   Thumb Code   126  motor.o(i.Speed_Pid_Calc)
    Start_Up                                 0x080055cd   Thumb Code   298  motor.o(i.Start_Up)
    SysTick_Handler                          0x08005739   Thumb Code    12  stm32f4xx_it.o(i.SysTick_Handler)
    SystemClock_Config                       0x08005745   Thumb Code   170  main.o(i.SystemClock_Config)
    SystemInit                               0x080057f9   Thumb Code    14  system_stm32f4xx.o(i.SystemInit)
    TIM2_IRQHandler                          0x0800580d   Thumb Code    10  stm32f4xx_it.o(i.TIM2_IRQHandler)
    TIM4_IRQHandler                          0x0800581d   Thumb Code    10  stm32f4xx_it.o(i.TIM4_IRQHandler)
    TIM_Base_SetConfig                       0x0800582d   Thumb Code   170  stm32f4xx_hal_tim.o(i.TIM_Base_SetConfig)
    TIM_CCxChannelCmd                        0x08005905   Thumb Code    34  stm32f4xx_hal_tim.o(i.TIM_CCxChannelCmd)
    TIM_ETR_SetConfig                        0x08005949   Thumb Code    22  stm32f4xx_hal_tim.o(i.TIM_ETR_SetConfig)
    TIM_OC2_SetConfig                        0x080059e1   Thumb Code   114  stm32f4xx_hal_tim.o(i.TIM_OC2_SetConfig)
    UsageFault_Handler                       0x08005da5   Thumb Code     4  stm32f4xx_it.o(i.UsageFault_Handler)
    __ARM_fpclassify                         0x08005da9   Thumb Code    48  fpclassify.o(i.__ARM_fpclassify)
    __hardfp_log                             0x08005e11   Thumb Code   872  log.o(i.__hardfp_log)
    __kernel_poly                            0x080061d5   Thumb Code   248  poly.o(i.__kernel_poly)
    __mathlib_dbl_divzero                    0x080062d1   Thumb Code    28  dunder.o(i.__mathlib_dbl_divzero)
    __mathlib_dbl_infnan                     0x08006301   Thumb Code    20  dunder.o(i.__mathlib_dbl_infnan)
    __mathlib_dbl_invalid                    0x08006319   Thumb Code    24  dunder.o(i.__mathlib_dbl_invalid)
    _is_digit                                0x08006339   Thumb Code    14  __printf_wp.o(i._is_digit)
    _sys_exit                                0x08006347   Thumb Code     4  usart.o(i._sys_exit)
    _ttywrch                                 0x0800634b   Thumb Code     6  usart.o(i._ttywrch)
    board_config                             0x08006351   Thumb Code   126  motor.o(i.board_config)
    foc_algorithm_step                       0x080063e5   Thumb Code   200  motor.o(i.foc_algorithm_step)
    fputc                                    0x080064dd   Thumb Code    28  usart.o(i.fputc)
    get_DC_BUS                               0x080064fd   Thumb Code   130  motor.o(i.get_DC_BUS)
    get_Iab                                  0x080065a5   Thumb Code   282  motor.o(i.get_Iab)
    main                                     0x080066dd   Thumb Code   306  main.o(i.main)
    ref_deal_core                            0x08006891   Thumb Code    86  tzmx.o(i.ref_deal_core)
    temper_trans                             0x08006905   Thumb Code   458  motor.o(i.temper_trans)
    _get_lc_numeric                          0x08006b1d   Thumb Code    44  lc_numeric_c.o(locale$$code)
    __aeabi_dneg                             0x08006b49   Thumb Code     0  basic.o(x$fpl$basic)
    _dneg                                    0x08006b49   Thumb Code     6  basic.o(x$fpl$basic)
    __aeabi_fneg                             0x08006b4f   Thumb Code     0  basic.o(x$fpl$basic)
    _fneg                                    0x08006b4f   Thumb Code     6  basic.o(x$fpl$basic)
    _dabs                                    0x08006b55   Thumb Code     6  basic.o(x$fpl$basic)
    _fabs                                    0x08006b5b   Thumb Code     6  basic.o(x$fpl$basic)
    __aeabi_d2f                              0x08006b61   Thumb Code     0  d2f_clz.o(x$fpl$d2f)
    _d2f                                     0x08006b61   Thumb Code   700  d2f_clz.o(x$fpl$d2f)
    __aeabi_dadd                             0x08006e25   Thumb Code     0  daddsub_clz.o(x$fpl$dadd)
    _dadd                                    0x08006e25   Thumb Code   580  daddsub_clz.o(x$fpl$dadd)
    __fpl_dcmp_Inf                           0x08007071   Thumb Code    24  dcmpi.o(x$fpl$dcmpinf)
    __aeabi_ddiv                             0x08007089   Thumb Code     0  ddiv_clz.o(x$fpl$ddiv)
    _ddiv                                    0x08007089   Thumb Code   748  ddiv_clz.o(x$fpl$ddiv)
    __aeabi_cdcmpeq                          0x08007405   Thumb Code     0  deqf.o(x$fpl$deqf)
    _dcmpeq                                  0x08007405   Thumb Code   116  deqf.o(x$fpl$deqf)
    __aeabi_i2d                              0x08007479   Thumb Code     0  dflt_clz.o(x$fpl$dflt)
    _dflt                                    0x08007479   Thumb Code    46  dflt_clz.o(x$fpl$dflt)
    __dflt_normalise                         0x080074a7   Thumb Code    26  dflt_clz.o(x$fpl$dfltn)
    __aeabi_dmul                             0x080074c1   Thumb Code     0  dmul_clz.o(x$fpl$dmul)
    _dmul                                    0x080074c1   Thumb Code   440  dmul_clz.o(x$fpl$dmul)
    __fpl_dnaninf                            0x08007681   Thumb Code   258  dnaninf.o(x$fpl$dnaninf)
    __fpl_drenorm2                           0x08007783   Thumb Code   106  drenorm_clz.o(x$fpl$drenorm)
    __fpl_drenorm1                           0x080077ed   Thumb Code     6  drenorm_clz.o(x$fpl$drenorm)
    __fpl_dretinf                            0x080077f3   Thumb Code    12  dretinf.o(x$fpl$dretinf)
    __aeabi_drsub                            0x08007801   Thumb Code     0  daddsub_clz.o(x$fpl$drsb)
    _drsb                                    0x08007801   Thumb Code    74  daddsub_clz.o(x$fpl$drsb)
    __aeabi_dsub                             0x08007851   Thumb Code     0  daddsub_clz.o(x$fpl$dsub)
    _dsub                                    0x08007851   Thumb Code   664  daddsub_clz.o(x$fpl$dsub)
    __dunder                                 0x08007aed   Thumb Code   314  dunder_clz.o(x$fpl$dunder)
    __dunder_d                               0x08007c27   Thumb Code    64  dunder_clz.o(x$fpl$dunder)
    __fpl_exception                          0x08007c69   Thumb Code   454  except.o(x$fpl$exception)
    __aeabi_f2d                              0x08007e55   Thumb Code     0  f2d.o(x$fpl$f2d)
    _f2d                                     0x08007e55   Thumb Code   122  f2d.o(x$fpl$f2d)
    __fpl_fnaninf                            0x08007ecf   Thumb Code   242  fnaninf.o(x$fpl$fnaninf)
    _fp_init                                 0x08007fc1   Thumb Code    10  fpinit.o(x$fpl$fpinit)
    __fplib_config_fpu_vfp                   0x08007fc9   Thumb Code     0  fpinit.o(x$fpl$fpinit)
    __fplib_config_pureend_doubles           0x08007fc9   Thumb Code     0  fpinit.o(x$fpl$fpinit)
    __fpl_fretinf                            0x08007fcb   Thumb Code    10  fretinf.o(x$fpl$fretinf)
    __funder                                 0x08007fd5   Thumb Code   254  funder_clz.o(x$fpl$funder)
    __funder_d                               0x080080d3   Thumb Code    62  funder_clz.o(x$fpl$funder)
    __ieee_status                            0x08008111   Thumb Code    28  istatus.o(x$fpl$ieeestatus)
    _printf_fp_dec                           0x08008131   Thumb Code     4  printf1.o(x$fpl$printf1)
    __fpl_return_NaN                         0x08008135   Thumb Code   178  retnan.o(x$fpl$retnan)
    _fp_trapveneer                           0x080081e7   Thumb Code    36  trapv.o(x$fpl$trapveneer)
    __fpl_cmpreturn                          0x0800820b   Thumb Code    90  trapv.o(x$fpl$trapveneer)
    __I$use$fp                               0x08008264   Number         0  usenofp.o(x$fpl$usenofp)
    AHBPrescTable                            0x0800826c   Data          16  system_stm32f4xx.o(.constdata)
    APBPrescTable                            0x0800827c   Data           8  system_stm32f4xx.o(.constdata)
    sinTable_f32                             0x08008284   Data        2052  arm_common_tables.o(.constdata)
    __mathlib_zero                           0x08008ac0   Data           8  qnan.o(.constdata)
    Region$$Table$$Base                      0x08008b5c   Number         0  anon$$obj.o(Region$$Table)
    Region$$Table$$Limit                     0x08008b7c   Number         0  anon$$obj.o(Region$$Table)
    __stdout                                 0x20000004   Data           4  usart.o(.data)
    ID_REF                                   0x20000008   Data           4  motor.o(.data)
    IQ_REF                                   0x2000000c   Data           4  motor.o(.data)
    D_PI_I                                   0x20000010   Data           4  motor.o(.data)
    D_PI_KB                                  0x20000014   Data           4  motor.o(.data)
    D_PI_LOW_LIMIT                           0x20000018   Data           4  motor.o(.data)
    D_PI_P                                   0x2000001c   Data           4  motor.o(.data)
    D_PI_UP_LIMIT                            0x20000020   Data           4  motor.o(.data)
    Q_PI_I                                   0x20000024   Data           4  motor.o(.data)
    Q_PI_KB                                  0x20000028   Data           4  motor.o(.data)
    Q_PI_LOW_LIMIT                           0x2000002c   Data           4  motor.o(.data)
    Q_PI_P                                   0x20000030   Data           4  motor.o(.data)
    Q_PI_UP_LIMIT                            0x20000034   Data           4  motor.o(.data)
    SPEED_PI_I                               0x20000038   Data           4  motor.o(.data)
    SPEED_PI_KB                              0x2000003c   Data           4  motor.o(.data)
    SPEED_PI_LOW_LIMIT                       0x20000040   Data           4  motor.o(.data)
    SPEED_PI_P                               0x20000044   Data           4  motor.o(.data)
    SPEED_PI_UP_LIMIT                        0x20000048   Data           4  motor.o(.data)
    hPhaseA_OffSet                           0x2000004c   Data           4  motor.o(.data)
    hPhaseB_OffSet                           0x20000050   Data           4  motor.o(.data)
    hPhaseC_OffSet                           0x20000054   Data           4  motor.o(.data)
    sector                                   0x20000058   Data           4  motor.o(.data)
    State                                    0x2000005c   Data           1  motor.o(.data)
    Current_Ialpha_beta                      0x20000060   Data           8  motor.o(.data)
    Voltage_Alpha_Beta                       0x20000068   Data           8  motor.o(.data)
    Transf_Cos_Sin                           0x20000070   Data           8  motor.o(.data)
    Current_Idq                              0x20000078   Data           8  motor.o(.data)
    Voltage_DQ                               0x20000080   Data           8  motor.o(.data)
    PWM4Direction                            0x20000088   Data           1  motor.o(.data)
    Speed_Ref                                0x2000008c   Data           4  motor.o(.data)
    Speed_Pid_Out                            0x20000090   Data           4  motor.o(.data)
    Speed_Fdk                                0x20000094   Data           4  motor.o(.data)
    adc_p_speed                              0x20000098   Data           4  motor.o(.data)
    circle_num                               0x2000009c   Data           4  motor.o(.data)
    hPrevious_angle                          0x200000a0   Data           2  motor.o(.data)
    hRot_Speed                               0x200000a2   Data           2  motor.o(.data)
    bPID_Speed_Sampling_Time_500us           0x200000ac   Data           1  motor.o(.data)
    cnt                                      0x200000b0   Data           4  motor.o(.data)
    ref_Signal_tim_500us                     0x200000b4   Data           1  motor.o(.data)
    ref_in                                   0x200000ec   Data           4  tzmx.o(.data)
    ref_out                                  0x200000f0   Data           4  tzmx.o(.data)
    low_pass_fator                           0x200000f4   Data           4  tzmx.o(.data)
    speed_ref_temp1                          0x200000f8   Data           4  tzmx.o(.data)
    speed_ref_temp2                          0x200000fc   Data           4  tzmx.o(.data)
    speed_ref_temp3                          0x20000100   Data           4  tzmx.o(.data)
    speed_ref_temp3_1                        0x20000104   Data           4  tzmx.o(.data)
    Kpp                                      0x20000108   Data           4  tzmx.o(.data)
    Uq                                       0x2000010c   Data           4  tzmx.o(.data)
    uwTick                                   0x20000110   Data           4  stm32f4xx_hal.o(.data)
    uwTickPrio                               0x20000114   Data           4  stm32f4xx_hal.o(.data)
    uwTickFreq                               0x20000118   Data           1  stm32f4xx_hal.o(.data)
    SystemCoreClock                          0x2000011c   Data           4  system_stm32f4xx.o(.data)
    muti_error                               0x20000120   Data           4  user_fcn.o(.data)
    hadc1                                    0x20000128   Data          72  adc.o(.bss)
    hdma_adc1                                0x20000170   Data          96  adc.o(.bss)
    hdac                                     0x200001d0   Data          20  dac.o(.bss)
    hspi1                                    0x200001e4   Data          88  spi.o(.bss)
    htim1                                    0x2000023c   Data          72  tim.o(.bss)
    htim2                                    0x20000284   Data          72  tim.o(.bss)
    htim4                                    0x200002cc   Data          72  tim.o(.bss)
    huart1                                   0x20000314   Data          68  usart.o(.bss)
    Current_Iabc                             0x20000358   Data          12  motor.o(.bss)
    Current_D_PID                            0x20000364   Data          28  motor.o(.bss)
    Current_Q_PID                            0x20000380   Data          28  motor.o(.bss)
    Speed_Pid                                0x2000039c   Data          28  motor.o(.bss)
    hSpeed_Buffer                            0x200003b8   Data          16  motor.o(.bss)
    __libspace_start                         0x200003c8   Data          96  libspace.o(.bss)
    __temporary_stack_top$libspace           0x20000428   Data           0  libspace.o(.bss)



==============================================================================

Memory Map of the image

  Image Entry point : 0x08000189

  Load Region LR_IROM1 (Base: 0x08000000, Size: 0x00008cc0, Max: 0x00100000, ABSOLUTE)

    Execution Region ER_IROM1 (Exec base: 0x08000000, Load base: 0x08000000, Size: 0x00008b98, Max: 0x00100000, ABSOLUTE)

    Exec Addr    Load Addr    Size         Type   Attr      Idx    E Section Name        Object

    0x08000000   0x08000000   0x00000188   Data   RO            3    RESET               startup_stm32f405xx.o
    0x08000188   0x08000188   0x00000008   Code   RO         4545  * !!!main             c_w.l(__main.o)
    0x08000190   0x08000190   0x00000034   Code   RO         4855    !!!scatter          c_w.l(__scatter.o)
    0x080001c4   0x080001c4   0x0000001a   Code   RO         4857    !!handler_copy      c_w.l(__scatter_copy.o)
    0x080001de   0x080001de   0x00000002   PAD
    0x080001e0   0x080001e0   0x0000001c   Code   RO         4859    !!handler_zi        c_w.l(__scatter_zi.o)
    0x080001fc   0x080001fc   0x00000000   Code   RO         4540    .ARM.Collect$$_printf_percent$$00000000  c_w.l(_printf_percent.o)
    0x080001fc   0x080001fc   0x00000006   Code   RO         4539    .ARM.Collect$$_printf_percent$$00000003  c_w.l(_printf_f.o)
    0x08000202   0x08000202   0x00000004   Code   RO         4598    .ARM.Collect$$_printf_percent$$00000017  c_w.l(_printf_percent_end.o)
    0x08000206   0x08000206   0x00000002   Code   RO         4734    .ARM.Collect$$libinit$$00000000  c_w.l(libinit.o)
    0x08000208   0x08000208   0x00000004   Code   RO         4735    .ARM.Collect$$libinit$$00000001  c_w.l(libinit2.o)
    0x0800020c   0x0800020c   0x00000000   Code   RO         4738    .ARM.Collect$$libinit$$00000004  c_w.l(libinit2.o)
    0x0800020c   0x0800020c   0x00000000   Code   RO         4741    .ARM.Collect$$libinit$$0000000A  c_w.l(libinit2.o)
    0x0800020c   0x0800020c   0x00000000   Code   RO         4743    .ARM.Collect$$libinit$$0000000C  c_w.l(libinit2.o)
    0x0800020c   0x0800020c   0x00000000   Code   RO         4745    .ARM.Collect$$libinit$$0000000E  c_w.l(libinit2.o)
    0x0800020c   0x0800020c   0x00000006   Code   RO         4746    .ARM.Collect$$libinit$$0000000F  c_w.l(libinit2.o)
    0x08000212   0x08000212   0x00000000   Code   RO         4748    .ARM.Collect$$libinit$$00000011  c_w.l(libinit2.o)
    0x08000212   0x08000212   0x00000000   Code   RO         4750    .ARM.Collect$$libinit$$00000013  c_w.l(libinit2.o)
    0x08000212   0x08000212   0x00000000   Code   RO         4752    .ARM.Collect$$libinit$$00000015  c_w.l(libinit2.o)
    0x08000212   0x08000212   0x0000000a   Code   RO         4753    .ARM.Collect$$libinit$$00000016  c_w.l(libinit2.o)
    0x0800021c   0x0800021c   0x00000000   Code   RO         4754    .ARM.Collect$$libinit$$00000017  c_w.l(libinit2.o)
    0x0800021c   0x0800021c   0x00000000   Code   RO         4756    .ARM.Collect$$libinit$$00000019  c_w.l(libinit2.o)
    0x0800021c   0x0800021c   0x00000000   Code   RO         4758    .ARM.Collect$$libinit$$0000001B  c_w.l(libinit2.o)
    0x0800021c   0x0800021c   0x00000000   Code   RO         4760    .ARM.Collect$$libinit$$0000001D  c_w.l(libinit2.o)
    0x0800021c   0x0800021c   0x00000000   Code   RO         4762    .ARM.Collect$$libinit$$0000001F  c_w.l(libinit2.o)
    0x0800021c   0x0800021c   0x00000000   Code   RO         4764    .ARM.Collect$$libinit$$00000021  c_w.l(libinit2.o)
    0x0800021c   0x0800021c   0x00000000   Code   RO         4766    .ARM.Collect$$libinit$$00000023  c_w.l(libinit2.o)
    0x0800021c   0x0800021c   0x00000000   Code   RO         4768    .ARM.Collect$$libinit$$00000025  c_w.l(libinit2.o)
    0x0800021c   0x0800021c   0x00000000   Code   RO         4772    .ARM.Collect$$libinit$$0000002C  c_w.l(libinit2.o)
    0x0800021c   0x0800021c   0x00000000   Code   RO         4774    .ARM.Collect$$libinit$$0000002E  c_w.l(libinit2.o)
    0x0800021c   0x0800021c   0x00000000   Code   RO         4776    .ARM.Collect$$libinit$$00000030  c_w.l(libinit2.o)
    0x0800021c   0x0800021c   0x00000000   Code   RO         4778    .ARM.Collect$$libinit$$00000032  c_w.l(libinit2.o)
    0x0800021c   0x0800021c   0x00000002   Code   RO         4779    .ARM.Collect$$libinit$$00000033  c_w.l(libinit2.o)
    0x0800021e   0x0800021e   0x00000002   Code   RO         4819    .ARM.Collect$$libshutdown$$00000000  c_w.l(libshutdown.o)
    0x08000220   0x08000220   0x00000000   Code   RO         4838    .ARM.Collect$$libshutdown$$00000002  c_w.l(libshutdown2.o)
    0x08000220   0x08000220   0x00000000   Code   RO         4840    .ARM.Collect$$libshutdown$$00000004  c_w.l(libshutdown2.o)
    0x08000220   0x08000220   0x00000000   Code   RO         4843    .ARM.Collect$$libshutdown$$00000007  c_w.l(libshutdown2.o)
    0x08000220   0x08000220   0x00000000   Code   RO         4846    .ARM.Collect$$libshutdown$$0000000A  c_w.l(libshutdown2.o)
    0x08000220   0x08000220   0x00000000   Code   RO         4848    .ARM.Collect$$libshutdown$$0000000C  c_w.l(libshutdown2.o)
    0x08000220   0x08000220   0x00000000   Code   RO         4851    .ARM.Collect$$libshutdown$$0000000F  c_w.l(libshutdown2.o)
    0x08000220   0x08000220   0x00000002   Code   RO         4852    .ARM.Collect$$libshutdown$$00000010  c_w.l(libshutdown2.o)
    0x08000222   0x08000222   0x00000000   Code   RO         4587    .ARM.Collect$$rtentry$$00000000  c_w.l(__rtentry.o)
    0x08000222   0x08000222   0x00000000   Code   RO         4640    .ARM.Collect$$rtentry$$00000002  c_w.l(__rtentry2.o)
    0x08000222   0x08000222   0x00000006   Code   RO         4652    .ARM.Collect$$rtentry$$00000004  c_w.l(__rtentry4.o)
    0x08000228   0x08000228   0x00000000   Code   RO         4642    .ARM.Collect$$rtentry$$00000009  c_w.l(__rtentry2.o)
    0x08000228   0x08000228   0x00000004   Code   RO         4643    .ARM.Collect$$rtentry$$0000000A  c_w.l(__rtentry2.o)
    0x0800022c   0x0800022c   0x00000000   Code   RO         4645    .ARM.Collect$$rtentry$$0000000C  c_w.l(__rtentry2.o)
    0x0800022c   0x0800022c   0x00000008   Code   RO         4646    .ARM.Collect$$rtentry$$0000000D  c_w.l(__rtentry2.o)
    0x08000234   0x08000234   0x00000002   Code   RO         4780    .ARM.Collect$$rtexit$$00000000  c_w.l(rtexit.o)
    0x08000236   0x08000236   0x00000000   Code   RO         4793    .ARM.Collect$$rtexit$$00000002  c_w.l(rtexit2.o)
    0x08000236   0x08000236   0x00000004   Code   RO         4794    .ARM.Collect$$rtexit$$00000003  c_w.l(rtexit2.o)
    0x0800023a   0x0800023a   0x00000006   Code   RO         4795    .ARM.Collect$$rtexit$$00000004  c_w.l(rtexit2.o)
    0x08000240   0x08000240   0x00000040   Code   RO            4    .text               startup_stm32f405xx.o
    0x08000280   0x08000280   0x00000078   Code   RO         4352    .text               arm_cortexM4lf_math.lib(arm_cos_f32.o)
    0x080002f8   0x080002f8   0x00000094   Code   RO         4402    .text               arm_cortexM4lf_math.lib(arm_sin_f32.o)
    0x0800038c   0x0800038c   0x00000002   Code   RO         4507    .text               c_w.l(use_no_semi_2.o)
    0x0800038e   0x0800038e   0x000000ee   Code   RO         4509    .text               c_w.l(lludivv7m.o)
    0x0800047c   0x0800047c   0x00000048   Code   RO         4511    .text               c_w.l(llsdiv.o)
    0x080004c4   0x080004c4   0x00000018   Code   RO         4515    .text               c_w.l(noretval__2printf.o)
    0x080004dc   0x080004dc   0x0000010e   Code   RO         4527    .text               c_w.l(__printf_wp.o)
    0x080005ea   0x080005ea   0x0000004e   Code   RO         4541    .text               c_w.l(rt_memclr_w.o)
    0x08000638   0x08000638   0x00000006   Code   RO         4543    .text               c_w.l(heapauxi.o)
    0x0800063e   0x0800063e   0x00000002   Code   RO         4585    .text               c_w.l(use_no_semi.o)
    0x08000640   0x08000640   0x00000016   Code   RO         4592    .text               c_w.l(_rserrno.o)
    0x08000656   0x08000656   0x0000041e   Code   RO         4594    .text               c_w.l(_printf_fp_dec.o)
    0x08000a74   0x08000a74   0x00000024   Code   RO         4596    .text               c_w.l(_printf_char_file.o)
    0x08000a98   0x08000a98   0x00000008   Code   RO         4659    .text               c_w.l(rt_locale_intlibspace.o)
    0x08000aa0   0x08000aa0   0x00000008   Code   RO         4664    .text               c_w.l(rt_errno_addr_intlibspace.o)
    0x08000aa8   0x08000aa8   0x0000008a   Code   RO         4666    .text               c_w.l(lludiv10.o)
    0x08000b32   0x08000b32   0x00000002   PAD
    0x08000b34   0x08000b34   0x00000030   Code   RO         4668    .text               c_w.l(_fptrap.o)
    0x08000b64   0x08000b64   0x00000030   Code   RO         4670    .text               c_w.l(_printf_char_common.o)
    0x08000b94   0x08000b94   0x00000080   Code   RO         4672    .text               c_w.l(_printf_fp_infnan.o)
    0x08000c14   0x08000c14   0x000000e4   Code   RO         4674    .text               c_w.l(bigflt0.o)
    0x08000cf8   0x08000cf8   0x00000008   Code   RO         4699    .text               c_w.l(ferror.o)
    0x08000d00   0x08000d00   0x00000008   Code   RO         4714    .text               c_w.l(libspace.o)
    0x08000d08   0x08000d08   0x0000004a   Code   RO         4717    .text               c_w.l(sys_stackheap_outer.o)
    0x08000d52   0x08000d52   0x00000012   Code   RO         4721    .text               c_w.l(exit.o)
    0x08000d64   0x08000d64   0x0000000e   Code   RO         4723    .text               c_w.l(defsig_fpe_outer.o)
    0x08000d72   0x08000d72   0x00000002   PAD
    0x08000d74   0x08000d74   0x00000080   Code   RO         4727    .text               c_w.l(strcmpv7m.o)
    0x08000df4   0x08000df4   0x0000000a   Code   RO         4784    .text               c_w.l(defsig_exit.o)
    0x08000dfe   0x08000dfe   0x00000002   PAD
    0x08000e00   0x08000e00   0x000000ac   Code   RO         4786    .text               c_w.l(defsig_fpe_inner.o)
    0x08000eac   0x08000eac   0x00000032   Code   RO         4801    .text               c_w.l(defsig_general.o)
    0x08000ede   0x08000ede   0x0000003e   Code   RO         4677    CL$$btod_d2e        c_w.l(btod.o)
    0x08000f1c   0x08000f1c   0x00000046   Code   RO         4679    CL$$btod_d2e_denorm_low  c_w.l(btod.o)
    0x08000f62   0x08000f62   0x00000060   Code   RO         4678    CL$$btod_d2e_norm_op1  c_w.l(btod.o)
    0x08000fc2   0x08000fc2   0x00000338   Code   RO         4687    CL$$btod_div_common  c_w.l(btod.o)
    0x080012fa   0x080012fa   0x000000dc   Code   RO         4684    CL$$btod_e2e        c_w.l(btod.o)
    0x080013d6   0x080013d6   0x0000002a   Code   RO         4681    CL$$btod_ediv       c_w.l(btod.o)
    0x08001400   0x08001400   0x0000002a   Code   RO         4680    CL$$btod_emul       c_w.l(btod.o)
    0x0800142a   0x0800142a   0x00000244   Code   RO         4686    CL$$btod_mult_common  c_w.l(btod.o)
    0x0800166e   0x0800166e   0x00000002   PAD
    0x08001670   0x08001670   0x00000010   Code   RO          533    i.ADC_IRQHandler    stm32f4xx_it.o
    0x08001680   0x08001680   0x00000160   Code   RO          899    i.ADC_Init          stm32f4xx_hal_adc.o
    0x080017e0   0x080017e0   0x0000002a   Code   RO          657    i.Angle_To_Cos_Sin  motor.o
    0x0800180a   0x0800180a   0x00000004   Code   RO          534    i.BusFault_Handler  stm32f4xx_it.o
    0x0800180e   0x0800180e   0x00000002   PAD
    0x08001810   0x08001810   0x00000064   Code   RO          658    i.Clarke_Transf     motor.o
    0x08001874   0x08001874   0x00000080   Code   RO          659    i.Current_PID_Calc  motor.o
    0x080018f4   0x080018f4   0x00000010   Code   RO          535    i.DMA2_Stream0_IRQHandler  stm32f4xx_it.o
    0x08001904   0x08001904   0x00000034   Code   RO         1680    i.DMA_CalcBaseAndBitshift  stm32f4xx_hal_dma.o
    0x08001938   0x08001938   0x000000aa   Code   RO         1681    i.DMA_CheckFifoParam  stm32f4xx_hal_dma.o
    0x080019e2   0x080019e2   0x00000002   Code   RO          536    i.DebugMon_Handler  stm32f4xx_it.o
    0x080019e4   0x080019e4   0x000000f4   Code   RO          660    i.ENC_Calc_Average_Speed  motor.o
    0x08001ad8   0x08001ad8   0x00000104   Code   RO          661    i.ENC_Calc_Rot_Speed  motor.o
    0x08001bdc   0x08001bdc   0x00000024   Code   RO          662    i.ENC_Clear_Speed_Buffer  motor.o
    0x08001c00   0x08001c00   0x00000028   Code   RO          663    i.ENC_Get_Electrical_Angle  motor.o
    0x08001c28   0x08001c28   0x00000020   Code   RO          664    i.ENC_Get_Electrical_Angle_S16  motor.o
    0x08001c48   0x08001c48   0x0000000c   Code   RO          666    i.ENC_Get_Mechanical_Speed  motor.o
    0x08001c54   0x08001c54   0x0000000a   Code   RO          667    i.ENC_ResetEncoder  motor.o
    0x08001c5e   0x08001c5e   0x00000006   Code   RO           13    i.Error_Handler     main.o
    0x08001c64   0x08001c64   0x00000228   Code   RO         1069    i.HAL_ADCEx_InjectedConfigChannel  stm32f4xx_hal_adc_ex.o
    0x08001e8c   0x08001e8c   0x00000024   Code   RO          668    i.HAL_ADCEx_InjectedConvCpltCallback  motor.o
    0x08001eb0   0x08001eb0   0x00000046   Code   RO         1071    i.HAL_ADCEx_InjectedGetValue  stm32f4xx_hal_adc_ex.o
    0x08001ef6   0x08001ef6   0x00000002   PAD
    0x08001ef8   0x08001ef8   0x00000120   Code   RO         1073    i.HAL_ADCEx_InjectedStart  stm32f4xx_hal_adc_ex.o
    0x08002018   0x08002018   0x0000012c   Code   RO         1074    i.HAL_ADCEx_InjectedStart_IT  stm32f4xx_hal_adc_ex.o
    0x08002144   0x08002144   0x0000018c   Code   RO          901    i.HAL_ADC_ConfigChannel  stm32f4xx_hal_adc.o
    0x080022d0   0x080022d0   0x00000002   Code   RO          902    i.HAL_ADC_ConvCpltCallback  stm32f4xx_hal_adc.o
    0x080022d2   0x080022d2   0x00000002   Code   RO          905    i.HAL_ADC_ErrorCallback  stm32f4xx_hal_adc.o
    0x080022d4   0x080022d4   0x00000008   Code   RO          908    i.HAL_ADC_GetValue  stm32f4xx_hal_adc.o
    0x080022dc   0x080022dc   0x00000162   Code   RO          909    i.HAL_ADC_IRQHandler  stm32f4xx_hal_adc.o
    0x0800243e   0x0800243e   0x00000002   PAD
    0x08002440   0x08002440   0x00000068   Code   RO          910    i.HAL_ADC_Init      stm32f4xx_hal_adc.o
    0x080024a8   0x080024a8   0x00000002   Code   RO          911    i.HAL_ADC_LevelOutOfWindowCallback  stm32f4xx_hal_adc.o
    0x080024aa   0x080024aa   0x00000002   PAD
    0x080024ac   0x080024ac   0x0000010c   Code   RO          242    i.HAL_ADC_MspInit   adc.o
    0x080025b8   0x080025b8   0x000000ce   Code   RO          914    i.HAL_ADC_PollForConversion  stm32f4xx_hal_adc.o
    0x08002686   0x08002686   0x00000002   PAD
    0x08002688   0x08002688   0x0000014c   Code   RO          916    i.HAL_ADC_Start     stm32f4xx_hal_adc.o
    0x080027d4   0x080027d4   0x00000062   Code   RO         2361    i.HAL_DAC_ConfigChannel  stm32f4xx_hal_dac.o
    0x08002836   0x08002836   0x00000028   Code   RO         2371    i.HAL_DAC_Init      stm32f4xx_hal_dac.o
    0x0800285e   0x0800285e   0x00000002   PAD
    0x08002860   0x08002860   0x00000080   Code   RO          286    i.HAL_DAC_MspInit   dac.o
    0x080028e0   0x080028e0   0x00000240   Code   RO         1688    i.HAL_DMA_IRQHandler  stm32f4xx_hal_dma.o
    0x08002b20   0x08002b20   0x000000ec   Code   RO         1689    i.HAL_DMA_Init      stm32f4xx_hal_dma.o
    0x08002c0c   0x08002c0c   0x000001f4   Code   RO         1576    i.HAL_GPIO_Init     stm32f4xx_hal_gpio.o
    0x08002e00   0x08002e00   0x00000014   Code   RO         1579    i.HAL_GPIO_TogglePin  stm32f4xx_hal_gpio.o
    0x08002e14   0x08002e14   0x0000000c   Code   RO         1580    i.HAL_GPIO_WritePin  stm32f4xx_hal_gpio.o
    0x08002e20   0x08002e20   0x0000000c   Code   RO         2113    i.HAL_GetTick       stm32f4xx_hal.o
    0x08002e2c   0x08002e2c   0x00000018   Code   RO         2119    i.HAL_IncTick       stm32f4xx_hal.o
    0x08002e44   0x08002e44   0x0000003c   Code   RO         2120    i.HAL_Init          stm32f4xx_hal.o
    0x08002e80   0x08002e80   0x0000004c   Code   RO         2121    i.HAL_InitTick      stm32f4xx_hal.o
    0x08002ecc   0x08002ecc   0x00000048   Code   RO          633    i.HAL_MspInit       stm32f4xx_hal_msp.o
    0x08002f14   0x08002f14   0x00000020   Code   RO         1965    i.HAL_NVIC_EnableIRQ  stm32f4xx_hal_cortex.o
    0x08002f34   0x08002f34   0x0000007c   Code   RO         1971    i.HAL_NVIC_SetPriority  stm32f4xx_hal_cortex.o
    0x08002fb0   0x08002fb0   0x00000028   Code   RO         1972    i.HAL_NVIC_SetPriorityGrouping  stm32f4xx_hal_cortex.o
    0x08002fd8   0x08002fd8   0x00000184   Code   RO         1177    i.HAL_RCC_ClockConfig  stm32f4xx_hal_rcc.o
    0x0800315c   0x0800315c   0x0000000c   Code   RO         1182    i.HAL_RCC_GetHCLKFreq  stm32f4xx_hal_rcc.o
    0x08003168   0x08003168   0x00000020   Code   RO         1184    i.HAL_RCC_GetPCLK1Freq  stm32f4xx_hal_rcc.o
    0x08003188   0x08003188   0x00000020   Code   RO         1185    i.HAL_RCC_GetPCLK2Freq  stm32f4xx_hal_rcc.o
    0x080031a8   0x080031a8   0x000000b0   Code   RO         1186    i.HAL_RCC_GetSysClockFreq  stm32f4xx_hal_rcc.o
    0x08003258   0x08003258   0x0000049c   Code   RO         1189    i.HAL_RCC_OscConfig  stm32f4xx_hal_rcc.o
    0x080036f4   0x080036f4   0x000000c8   Code   RO         2609    i.HAL_SPI_Init      stm32f4xx_hal_spi.o
    0x080037bc   0x080037bc   0x00000088   Code   RO          352    i.HAL_SPI_MspInit   spi.o
    0x08003844   0x08003844   0x000000d4   Code   RO          669    i.HAL_SYSTICK_Callback  motor.o
    0x08003918   0x08003918   0x00000034   Code   RO         1976    i.HAL_SYSTICK_Config  stm32f4xx_hal_cortex.o
    0x0800394c   0x0800394c   0x00000008   Code   RO         1977    i.HAL_SYSTICK_IRQHandler  stm32f4xx_hal_cortex.o
    0x08003954   0x08003954   0x00000002   Code   RO         3637    i.HAL_TIMEx_BreakCallback  stm32f4xx_hal_tim_ex.o
    0x08003956   0x08003956   0x00000002   Code   RO         3638    i.HAL_TIMEx_CommutCallback  stm32f4xx_hal_tim_ex.o
    0x08003958   0x08003958   0x00000074   Code   RO         3640    i.HAL_TIMEx_ConfigBreakDeadTime  stm32f4xx_hal_tim_ex.o
    0x080039cc   0x080039cc   0x000000b4   Code   RO         3656    i.HAL_TIMEx_MasterConfigSynchronization  stm32f4xx_hal_tim_ex.o
    0x08003a80   0x08003a80   0x000000f4   Code   RO         3667    i.HAL_TIMEx_PWMN_Start  stm32f4xx_hal_tim_ex.o
    0x08003b74   0x08003b74   0x00000066   Code   RO         2922    i.HAL_TIM_Base_Init  stm32f4xx_hal_tim.o
    0x08003bda   0x08003bda   0x00000002   PAD
    0x08003bdc   0x08003bdc   0x00000078   Code   RO          394    i.HAL_TIM_Base_MspInit  tim.o
    0x08003c54   0x08003c54   0x000000a8   Code   RO         2927    i.HAL_TIM_Base_Start_IT  stm32f4xx_hal_tim.o
    0x08003cfc   0x08003cfc   0x0000010c   Code   RO         2931    i.HAL_TIM_ConfigClockSource  stm32f4xx_hal_tim.o
    0x08003e08   0x08003e08   0x000000c8   Code   RO         2943    i.HAL_TIM_Encoder_Init  stm32f4xx_hal_tim.o
    0x08003ed0   0x08003ed0   0x00000090   Code   RO          396    i.HAL_TIM_Encoder_MspInit  tim.o
    0x08003f60   0x08003f60   0x000000fc   Code   RO         2948    i.HAL_TIM_Encoder_Start_IT  stm32f4xx_hal_tim.o
    0x0800405c   0x0800405c   0x00000002   Code   RO         2956    i.HAL_TIM_IC_CaptureCallback  stm32f4xx_hal_tim.o
    0x0800405e   0x0800405e   0x00000196   Code   RO         2970    i.HAL_TIM_IRQHandler  stm32f4xx_hal_tim.o
    0x080041f4   0x080041f4   0x000000a0   Code   RO          397    i.HAL_TIM_MspPostInit  tim.o
    0x08004294   0x08004294   0x00000002   Code   RO         2973    i.HAL_TIM_OC_DelayElapsedCallback  stm32f4xx_hal_tim.o
    0x08004296   0x08004296   0x00000104   Code   RO         2994    i.HAL_TIM_PWM_ConfigChannel  stm32f4xx_hal_tim.o
    0x0800439a   0x0800439a   0x00000066   Code   RO         2997    i.HAL_TIM_PWM_Init  stm32f4xx_hal_tim.o
    0x08004400   0x08004400   0x00000002   Code   RO         2999    i.HAL_TIM_PWM_MspInit  stm32f4xx_hal_tim.o
    0x08004402   0x08004402   0x00000002   Code   RO         3000    i.HAL_TIM_PWM_PulseFinishedCallback  stm32f4xx_hal_tim.o
    0x08004404   0x08004404   0x0000010c   Code   RO         3002    i.HAL_TIM_PWM_Start  stm32f4xx_hal_tim.o
    0x08004510   0x08004510   0x0000004c   Code   RO          670    i.HAL_TIM_PeriodElapsedCallback  motor.o
    0x0800455c   0x0800455c   0x00000002   Code   RO         3013    i.HAL_TIM_TriggerCallback  stm32f4xx_hal_tim.o
    0x0800455e   0x0800455e   0x00000072   Code   RO         3933    i.HAL_UART_Init     stm32f4xx_hal_uart.o
    0x080045d0   0x080045d0   0x00000088   Code   RO          466    i.HAL_UART_MspInit  usart.o
    0x08004658   0x08004658   0x00000004   Code   RO          537    i.HardFault_Handler  stm32f4xx_it.o
    0x0800465c   0x0800465c   0x00000040   Code   RO         4308    i.LED_DIR           user_fcn.o
    0x0800469c   0x0800469c   0x0000022c   Code   RO          243    i.MX_ADC1_Init      adc.o
    0x080048c8   0x080048c8   0x0000003c   Code   RO          287    i.MX_DAC_Init       dac.o
    0x08004904   0x08004904   0x00000038   Code   RO          327    i.MX_DMA_Init       dma.o
    0x0800493c   0x0800493c   0x00000158   Code   RO          217    i.MX_GPIO_Init      gpio.o
    0x08004a94   0x08004a94   0x00000044   Code   RO          353    i.MX_SPI1_Init      spi.o
    0x08004ad8   0x08004ad8   0x00000134   Code   RO          398    i.MX_TIM1_Init      tim.o
    0x08004c0c   0x08004c0c   0x00000080   Code   RO          399    i.MX_TIM2_Init      tim.o
    0x08004c8c   0x08004c8c   0x0000006c   Code   RO          400    i.MX_TIM4_Init      tim.o
    0x08004cf8   0x08004cf8   0x00000038   Code   RO          467    i.MX_USART1_UART_Init  usart.o
    0x08004d30   0x08004d30   0x00000004   Code   RO          538    i.MemManage_Handler  stm32f4xx_it.o
    0x08004d34   0x08004d34   0x00000004   Code   RO          539    i.NMI_Handler       stm32f4xx_it.o
    0x08004d38   0x08004d38   0x0000011c   Code   RO          671    i.PID_Init          motor.o
    0x08004e54   0x08004e54   0x00000046   Code   RO          672    i.Park_Transf       motor.o
    0x08004e9a   0x08004e9a   0x00000002   Code   RO          540    i.PendSV_Handler    stm32f4xx_it.o
    0x08004e9c   0x08004e9c   0x00000042   Code   RO          673    i.Rev_Park_Transf   motor.o
    0x08004ede   0x08004ede   0x00000002   Code   RO          541    i.SVC_Handler       stm32f4xx_it.o
    0x08004ee0   0x08004ee0   0x00000668   Code   RO          674    i.SVPWM_Calc        motor.o
    0x08005548   0x08005548   0x00000084   Code   RO          675    i.Speed_Pid_Calc    motor.o
    0x080055cc   0x080055cc   0x0000016c   Code   RO          676    i.Start_Up          motor.o
    0x08005738   0x08005738   0x0000000c   Code   RO          542    i.SysTick_Handler   stm32f4xx_it.o
    0x08005744   0x08005744   0x000000b4   Code   RO           14    i.SystemClock_Config  main.o
    0x080057f8   0x080057f8   0x00000014   Code   RO         4272    i.SystemInit        system_stm32f4xx.o
    0x0800580c   0x0800580c   0x00000010   Code   RO          543    i.TIM2_IRQHandler   stm32f4xx_it.o
    0x0800581c   0x0800581c   0x00000010   Code   RO          544    i.TIM4_IRQHandler   stm32f4xx_it.o
    0x0800582c   0x0800582c   0x000000d8   Code   RO         3015    i.TIM_Base_SetConfig  stm32f4xx_hal_tim.o
    0x08005904   0x08005904   0x00000022   Code   RO         3016    i.TIM_CCxChannelCmd  stm32f4xx_hal_tim.o
    0x08005926   0x08005926   0x00000022   Code   RO         3676    i.TIM_CCxNChannelCmd  stm32f4xx_hal_tim_ex.o
    0x08005948   0x08005948   0x00000016   Code   RO         3026    i.TIM_ETR_SetConfig  stm32f4xx_hal_tim.o
    0x0800595e   0x0800595e   0x00000012   Code   RO         3027    i.TIM_ITRx_SetConfig  stm32f4xx_hal_tim.o
    0x08005970   0x08005970   0x00000070   Code   RO         3028    i.TIM_OC1_SetConfig  stm32f4xx_hal_tim.o
    0x080059e0   0x080059e0   0x0000007c   Code   RO         3029    i.TIM_OC2_SetConfig  stm32f4xx_hal_tim.o
    0x08005a5c   0x08005a5c   0x00000078   Code   RO         3030    i.TIM_OC3_SetConfig  stm32f4xx_hal_tim.o
    0x08005ad4   0x08005ad4   0x00000054   Code   RO         3031    i.TIM_OC4_SetConfig  stm32f4xx_hal_tim.o
    0x08005b28   0x08005b28   0x00000026   Code   RO         3033    i.TIM_TI1_ConfigInputStage  stm32f4xx_hal_tim.o
    0x08005b4e   0x08005b4e   0x00000028   Code   RO         3035    i.TIM_TI2_ConfigInputStage  stm32f4xx_hal_tim.o
    0x08005b76   0x08005b76   0x00000002   PAD
    0x08005b78   0x08005b78   0x0000022c   Code   RO         3960    i.UART_SetConfig    stm32f4xx_hal_uart.o
    0x08005da4   0x08005da4   0x00000004   Code   RO          545    i.UsageFault_Handler  stm32f4xx_it.o
    0x08005da8   0x08005da8   0x00000030   Code   RO         4712    i.__ARM_fpclassify  m_wm.l(fpclassify.o)
    0x08005dd8   0x08005dd8   0x00000010   Code   RO         1978    i.__NVIC_GetPriorityGrouping  stm32f4xx_hal_cortex.o
    0x08005de8   0x08005de8   0x00000028   Code   RO         1979    i.__NVIC_SetPriority  stm32f4xx_hal_cortex.o
    0x08005e10   0x08005e10   0x000003c4   Code   RO         4571    i.__hardfp_log      m_wm.l(log.o)
    0x080061d4   0x080061d4   0x000000f8   Code   RO         4636    i.__kernel_poly     m_wm.l(poly.o)
    0x080062cc   0x080062cc   0x00000004   PAD
    0x080062d0   0x080062d0   0x00000030   Code   RO         4622    i.__mathlib_dbl_divzero  m_wm.l(dunder.o)
    0x08006300   0x08006300   0x00000014   Code   RO         4623    i.__mathlib_dbl_infnan  m_wm.l(dunder.o)
    0x08006314   0x08006314   0x00000004   PAD
    0x08006318   0x08006318   0x00000020   Code   RO         4625    i.__mathlib_dbl_invalid  m_wm.l(dunder.o)
    0x08006338   0x08006338   0x0000000e   Code   RO         4529    i._is_digit         c_w.l(__printf_wp.o)
    0x08006346   0x08006346   0x00000004   Code   RO          468    i._sys_exit         usart.o
    0x0800634a   0x0800634a   0x00000006   Code   RO          469    i._ttywrch          usart.o
    0x08006350   0x08006350   0x00000094   Code   RO          677    i.board_config      motor.o
    0x080063e4   0x080063e4   0x000000f8   Code   RO          678    i.foc_algorithm_step  motor.o
    0x080064dc   0x080064dc   0x00000020   Code   RO          470    i.fputc             usart.o
    0x080064fc   0x080064fc   0x000000a8   Code   RO          679    i.get_DC_BUS        motor.o
    0x080065a4   0x080065a4   0x00000138   Code   RO          680    i.get_Iab           motor.o
    0x080066dc   0x080066dc   0x000001b4   Code   RO           15    i.main              main.o
    0x08006890   0x08006890   0x00000074   Code   RO          855    i.ref_deal_core     tzmx.o
    0x08006904   0x08006904   0x00000218   Code   RO          683    i.temper_trans      motor.o
    0x08006b1c   0x08006b1c   0x0000002c   Code   RO         4704    locale$$code        c_w.l(lc_numeric_c.o)
    0x08006b48   0x08006b48   0x00000018   Code   RO         4599    x$fpl$basic         g_wm.l(basic.o)
    0x08006b60   0x08006b60   0x000002c4   Code   RO         4547    x$fpl$d2f           g_wm.l(d2f_clz.o)
    0x08006e24   0x08006e24   0x0000024c   Code   RO         4549    x$fpl$dadd          g_wm.l(daddsub_clz.o)
    0x08007070   0x08007070   0x00000018   Code   RO         4706    x$fpl$dcmpinf       g_wm.l(dcmpi.o)
    0x08007088   0x08007088   0x0000037c   Code   RO         4556    x$fpl$ddiv          g_wm.l(ddiv_clz.o)
    0x08007404   0x08007404   0x00000074   Code   RO         4601    x$fpl$deqf          g_wm.l(deqf.o)
    0x08007478   0x08007478   0x0000002e   Code   RO         4560    x$fpl$dflt          g_wm.l(dflt_clz.o)
    0x080074a6   0x080074a6   0x0000001a   Code   RO         4561    x$fpl$dfltn         g_wm.l(dflt_clz.o)
    0x080074c0   0x080074c0   0x000001c0   Code   RO         4565    x$fpl$dmul          g_wm.l(dmul_clz.o)
    0x08007680   0x08007680   0x00000102   Code   RO         4603    x$fpl$dnaninf       g_wm.l(dnaninf.o)
    0x08007782   0x08007782   0x00000070   Code   RO         4605    x$fpl$drenorm       g_wm.l(drenorm_clz.o)
    0x080077f2   0x080077f2   0x0000000c   Code   RO         4607    x$fpl$dretinf       g_wm.l(dretinf.o)
    0x080077fe   0x080077fe   0x00000002   PAD
    0x08007800   0x08007800   0x00000050   Code   RO         4550    x$fpl$drsb          g_wm.l(daddsub_clz.o)
    0x08007850   0x08007850   0x0000029c   Code   RO         4551    x$fpl$dsub          g_wm.l(daddsub_clz.o)
    0x08007aec   0x08007aec   0x0000017a   Code   RO         4609    x$fpl$dunder        g_wm.l(dunder_clz.o)
    0x08007c66   0x08007c66   0x00000002   PAD
    0x08007c68   0x08007c68   0x000001ec   Code   RO         4611    x$fpl$exception     g_wm.l(except.o)
    0x08007e54   0x08007e54   0x0000007a   Code   RO         4567    x$fpl$f2d           g_wm.l(f2d.o)
    0x08007ece   0x08007ece   0x000000f2   Code   RO         4613    x$fpl$fnaninf       g_wm.l(fnaninf.o)
    0x08007fc0   0x08007fc0   0x0000000a   Code   RO         4790    x$fpl$fpinit        g_wm.l(fpinit.o)
    0x08007fca   0x08007fca   0x0000000a   Code   RO         4615    x$fpl$fretinf       g_wm.l(fretinf.o)
    0x08007fd4   0x08007fd4   0x0000013c   Code   RO         4617    x$fpl$funder        g_wm.l(funder_clz.o)
    0x08008110   0x08008110   0x00000020   Code   RO         4708    x$fpl$ieeestatus    g_wm.l(istatus.o)
    0x08008130   0x08008130   0x00000004   Code   RO         4569    x$fpl$printf1       g_wm.l(printf1.o)
    0x08008134   0x08008134   0x000000b2   Code   RO         4710    x$fpl$retnan        g_wm.l(retnan.o)
    0x080081e6   0x080081e6   0x0000007e   Code   RO         4619    x$fpl$trapveneer    g_wm.l(trapv.o)
    0x08008264   0x08008264   0x00000000   Code   RO         4621    x$fpl$usenofp       g_wm.l(usenofp.o)
    0x08008264   0x08008264   0x00000008   Data   RO         1695    .constdata          stm32f4xx_hal_dma.o
    0x0800826c   0x0800826c   0x00000018   Data   RO         4273    .constdata          system_stm32f4xx.o
    0x08008284   0x08008284   0x00000804   Data   RO         4482    .constdata          arm_cortexM4lf_math.lib(arm_common_tables.o)
    0x08008a88   0x08008a88   0x00000038   Data   RO         4574    .constdata          m_wm.l(log.o)
    0x08008ac0   0x08008ac0   0x00000008   Data   RO         4638    .constdata          m_wm.l(qnan.o)
    0x08008ac8   0x08008ac8   0x00000094   Data   RO         4675    .constdata          c_w.l(bigflt0.o)
    0x08008b5c   0x08008b5c   0x00000020   Data   RO         4853    Region$$Table       anon$$obj.o
    0x08008b7c   0x08008b7c   0x0000001c   Data   RO         4703    locale$$data        c_w.l(lc_numeric_c.o)


    Execution Region RW_IRAM2 (Exec base: 0x10000000, Load base: 0x08008cc0, Size: 0x00000000, Max: 0x00010000, ABSOLUTE)

    **** No section assigned to this execution region ****


    Execution Region RW_IRAM1 (Exec base: 0x20000000, Load base: 0x08008b98, Size: 0x00000a28, Max: 0x00020000, ABSOLUTE)

    Exec Addr    Load Addr    Size         Type   Attr      Idx    E Section Name        Object

    0x20000000   0x08008b98   0x00000002   Data   RW          245    .data               adc.o
    0x20000002   0x08008b9a   0x00000002   PAD
    0x20000004   0x08008b9c   0x00000004   Data   RW          472    .data               usart.o
    0x20000008   0x08008ba0   0x000000e4   Data   RW          685    .data               motor.o
    0x200000ec   0x08008c84   0x00000024   Data   RW          857    .data               tzmx.o
    0x20000110   0x08008ca8   0x00000009   Data   RW         2127    .data               stm32f4xx_hal.o
    0x20000119   0x08008cb1   0x00000003   PAD
    0x2000011c   0x08008cb4   0x00000004   Data   RW         4274    .data               system_stm32f4xx.o
    0x20000120   0x08008cb8   0x00000008   Data   RW         4311    .data               user_fcn.o
    0x20000128        -       0x000000a8   Zero   RW          244    .bss                adc.o
    0x200001d0        -       0x00000014   Zero   RW          288    .bss                dac.o
    0x200001e4        -       0x00000058   Zero   RW          354    .bss                spi.o
    0x2000023c        -       0x000000d8   Zero   RW          401    .bss                tim.o
    0x20000314        -       0x00000044   Zero   RW          471    .bss                usart.o
    0x20000358        -       0x00000070   Zero   RW          684    .bss                motor.o
    0x200003c8        -       0x00000060   Zero   RW         4715    .bss                c_w.l(libspace.o)
    0x20000428        -       0x00000200   Zero   RW            2    HEAP                startup_stm32f405xx.o
    0x20000628        -       0x00000400   Zero   RW            1    STACK               startup_stm32f405xx.o


==============================================================================

Image component sizes


      Code (inc. data)   RO Data    RW Data    ZI Data      Debug   Object Name

       824         52          0          2        168       2574   adc.o
       188         24          0          0         20       1807   dac.o
        56          4          0          0          0        894   dma.o
       344         22          0          0          0       1223   gpio.o
       622        140          0          0          0     679295   main.o
      5196        564          0        228        112      22033   motor.o
       204         24          0          0         88       1809   spi.o
        64         26        392          0       1536        860   startup_stm32f405xx.o
       172         32          0          9          0       8905   stm32f4xx_hal.o
      1758         52          0          0          0       8053   stm32f4xx_hal_adc.o
      1210         48          0          0          0       4278   stm32f4xx_hal_adc_ex.o
       312         22          0          0          0      35072   stm32f4xx_hal_cortex.o
       138          0          0          0          0       2071   stm32f4xx_hal_dac.o
      1034         16          8          0          0       4028   stm32f4xx_hal_dma.o
       532         46          0          0          0       2897   stm32f4xx_hal_gpio.o
        72          4          0          0          0        986   stm32f4xx_hal_msp.o
      1820         84          0          0          0       5772   stm32f4xx_hal_rcc.o
       200          0          0          0          0       1315   stm32f4xx_hal_spi.o
      2844        142          0          0          0      18682   stm32f4xx_hal_tim.o
       578         60          0          0          0       5008   stm32f4xx_hal_tim_ex.o
       670         10          0          0          0       1996   stm32f4xx_hal_uart.o
       102         24          0          0          0       6249   stm32f4xx_it.o
        20          6         24          4          0       1263   system_stm32f4xx.o
       968         62          0          0        216       4888   tim.o
       116         30          0         36          0        965   tzmx.o
       234         28          0          4         68       4801   usart.o
        64         10          0          8          0        755   user_fcn.o

    ----------------------------------------------------------------------
     20358       1532        456        296       2208     828479   Object Totals
         0          0         32          0          0          0   (incl. Generated)
        16          0          0          5          0          0   (incl. Padding)

    ----------------------------------------------------------------------

      Code (inc. data)   RO Data    RW Data    ZI Data      Debug   Library Member Name

         0          0       2052          0          0       4704   arm_common_tables.o
       120         12          0          0          0      17170   arm_cos_f32.o
       148         18          0          0          0        814   arm_sin_f32.o
         8          0          0          0          0         68   __main.o
       284          0          0          0          0        156   __printf_wp.o
         0          0          0          0          0          0   __rtentry.o
        12          0          0          0          0          0   __rtentry2.o
         6          0          0          0          0          0   __rtentry4.o
        52          8          0          0          0          0   __scatter.o
        26          0          0          0          0          0   __scatter_copy.o
        28          0          0          0          0          0   __scatter_zi.o
        48          4          0          0          0         84   _fptrap.o
        48          6          0          0          0         96   _printf_char_common.o
        36          4          0          0          0         80   _printf_char_file.o
         6          0          0          0          0          0   _printf_f.o
      1054          0          0          0          0        216   _printf_fp_dec.o
       128         16          0          0          0         84   _printf_fp_infnan.o
         0          0          0          0          0          0   _printf_percent.o
         4          0          0          0          0          0   _printf_percent_end.o
        22          0          0          0          0        100   _rserrno.o
       228          4        148          0          0         96   bigflt0.o
      1936        128          0          0          0        672   btod.o
        10          0          0          0          0         68   defsig_exit.o
       172        110          0          0          0         76   defsig_fpe_inner.o
        14          0          0          0          0         80   defsig_fpe_outer.o
        50          0          0          0          0         88   defsig_general.o
        18          0          0          0          0         80   exit.o
         8          0          0          0          0         68   ferror.o
         6          0          0          0          0        152   heapauxi.o
        44         10         28          0          0         76   lc_numeric_c.o
         2          0          0          0          0          0   libinit.o
        22          0          0          0          0          0   libinit2.o
         2          0          0          0          0          0   libshutdown.o
         2          0          0          0          0          0   libshutdown2.o
         8          4          0          0         96         68   libspace.o
        72          0          0          0          0         76   llsdiv.o
       138          0          0          0          0         80   lludiv10.o
       238          0          0          0          0        100   lludivv7m.o
        24          4          0          0          0         84   noretval__2printf.o
         8          4          0          0          0         68   rt_errno_addr_intlibspace.o
         8          4          0          0          0         68   rt_locale_intlibspace.o
        78          0          0          0          0         80   rt_memclr_w.o
         2          0          0          0          0          0   rtexit.o
        10          0          0          0          0          0   rtexit2.o
       128          0          0          0          0         68   strcmpv7m.o
        74          0          0          0          0         80   sys_stackheap_outer.o
         2          0          0          0          0         68   use_no_semi.o
         2          0          0          0          0         68   use_no_semi_2.o
        24          0          0          0          0        164   basic.o
       708         16          0          0          0        140   d2f_clz.o
      1336         32          0          0          0        532   daddsub_clz.o
        24          0          0          0          0        116   dcmpi.o
       892        152          0          0          0        292   ddiv_clz.o
       116          8          0          0          0        140   deqf.o
        72          0          0          0          0        232   dflt_clz.o
       448         16          0          0          0        164   dmul_clz.o
       258          4          0          0          0        156   dnaninf.o
       112          0          0          0          0        160   drenorm_clz.o
        12          0          0          0          0        116   dretinf.o
       378          0          0          0          0        168   dunder_clz.o
       492         36          0          0          0        148   except.o
       122          8          0          0          0        132   f2d.o
       242          4          0          0          0        144   fnaninf.o
        10          0          0          0          0        116   fpinit.o
        10          0          0          0          0        116   fretinf.o
       316          0          0          0          0        132   funder_clz.o
        32          4          0          0          0        116   istatus.o
         4          0          0          0          0        116   printf1.o
       178          0          0          0          0        116   retnan.o
       126          0          0          0          0        148   trapv.o
         0          0          0          0          0          0   usenofp.o
       100         28          0          0          0        372   dunder.o
        48          0          0          0          0        124   fpclassify.o
       964         92         56          0          0        316   log.o
       248          0          0          0          0        152   poly.o
         0          0          8          0          0          0   qnan.o

    ----------------------------------------------------------------------
     12630        736       2292          0         96      30564   Library Totals
        22          0          0          0          0          0   (incl. Padding)

    ----------------------------------------------------------------------

      Code (inc. data)   RO Data    RW Data    ZI Data      Debug   Library Name

       268         30       2052          0          0      22688   arm_cortexM4lf_math.lib
      5068        306        176          0         96       3248   c_w.l
      5912        280          0          0          0       3664   g_wm.l
      1360        120         64          0          0        964   m_wm.l

    ----------------------------------------------------------------------
     12630        736       2292          0         96      30564   Library Totals

    ----------------------------------------------------------------------

==============================================================================


      Code (inc. data)   RO Data    RW Data    ZI Data      Debug   

     32988       2268       2748        296       2304     841723   Grand Totals
     32988       2268       2748        296       2304     841723   ELF Image Totals
     32988       2268       2748        296          0          0   ROM Totals

==============================================================================

    Total RO  Size (Code + RO Data)                35736 (  34.90kB)
    Total RW  Size (RW Data + ZI Data)              2600 (   2.54kB)
    Total ROM Size (Code + RO Data + RW Data)      36032 (  35.19kB)

==============================================================================

